2026-06-15 22:31:05,455 INFO run_start result_path=outputs/full_fidelity_debug/results/results.csv resume=False rerun_failed=False completed=0 total=216 device=cpu
2026-06-15 22:31:05,530 INFO row_complete 1/216 dataset=erdos_renyi perturbation=edge_insertion alpha=0.0 seed=0 workflow=structural_statistics_mmd status=success
2026-06-15 22:31:05,548 INFO row_complete 2/216 dataset=erdos_renyi perturbation=edge_insertion alpha=0.0 seed=0 workflow=wl_subtree_kernel_mmd status=success
2026-06-15 22:31:05,566 INFO row_complete 3/216 dataset=erdos_renyi perturbation=edge_insertion alpha=0.0 seed=0 workflow=native_netlsd status=success
2026-06-15 22:31:05,585 INFO row_complete 4/216 dataset=erdos_renyi perturbation=edge_insertion alpha=0.0 seed=0 workflow=diversity_curves_shortest_path status=success
2026-06-15 22:31:05,630 INFO row_complete 5/216 dataset=erdos_renyi perturbation=edge_insertion alpha=0.5 seed=0 workflow=structural_statistics_mmd status=success
2026-06-15 22:31:05,650 INFO row_complete 6/216 dataset=erdos_renyi perturbation=edge_insertion alpha=0.5 seed=0 workflow=wl_subtree_kernel_mmd status=success
2026-06-15 22:31:05,671 INFO row_complete 7/216 dataset=erdos_renyi perturbation=edge_insertion alpha=0.5 seed=0 workflow=native_netlsd status=success
2026-06-15 22:31:05,692 INFO row_complete 8/216 dataset=erdos_renyi perturbation=edge_insertion alpha=0.5 seed=0 workflow=diversity_curves_shortest_path status=success
2026-06-15 22:31:05,747 INFO row_complete 9/216 dataset=erdos_renyi perturbation=edge_insertion alpha=1.0 seed=0 workflow=structural_statistics_mmd status=success
2026-06-15 22:31:05,768 INFO row_complete 10/216 dataset=erdos_renyi perturbation=edge_insertion alpha=1.0 seed=0 workflow=wl_subtree_kernel_mmd status=success
2026-06-15 22:31:05,787 INFO row_complete 11/216 dataset=erdos_renyi perturbation=edge_insertion alpha=1.0 seed=0 workflow=native_netlsd status=success
2026-06-15 22:31:05,807 INFO row_complete 12/216 dataset=erdos_renyi perturbation=edge_insertion alpha=1.0 seed=0 workflow=diversity_curves_shortest_path status=success
2026-06-15 22:31:05,848 INFO row_complete 13/216 dataset=erdos_renyi perturbation=edge_deletion alpha=0.0 seed=0 workflow=structural_statistics_mmd status=success
2026-06-15 22:31:05,868 INFO row_complete 14/216 dataset=erdos_renyi perturbation=edge_deletion alpha=0.0 seed=0 workflow=wl_subtree_kernel_mmd status=success
2026-06-15 22:31:05,886 INFO row_complete 15/216 dataset=erdos_renyi perturbation=edge_deletion alpha=0.0 seed=0 workflow=native_netlsd status=success
2026-06-15 22:31:05,907 INFO row_complete 16/216 dataset=erdos_renyi perturbation=edge_deletion alpha=0.0 seed=0 workflow=diversity_curves_shortest_path status=success
2026-06-15 22:31:05,943 INFO row_complete 17/216 dataset=erdos_renyi perturbation=edge_deletion alpha=0.5 seed=0 workflow=structural_statistics_mmd status=success
2026-06-15 22:31:05,963 INFO row_complete 18/216 dataset=erdos_renyi perturbation=edge_deletion alpha=0.5 seed=0 workflow=wl_subtree_kernel_mmd status=success
2026-06-15 22:31:05,983 INFO row_complete 19/216 dataset=erdos_renyi perturbation=edge_deletion alpha=0.5 seed=0 workflow=native_netlsd status=success
2026-06-15 22:31:06,003 INFO row_complete 20/216 dataset=erdos_renyi perturbation=edge_deletion alpha=0.5 seed=0 workflow=diversity_curves_shortest_path status=success
2026-06-15 22:31:06,036 INFO row_complete 21/216 dataset=erdos_renyi perturbation=edge_deletion alpha=1.0 seed=0 workflow=structural_statistics_mmd status=success
2026-06-15 22:31:06,052 INFO row_complete 22/216 dataset=erdos_renyi perturbation=edge_deletion alpha=1.0 seed=0 workflow=wl_subtree_kernel_mmd status=success
2026-06-15 22:31:06,070 INFO row_complete 23/216 dataset=erdos_renyi perturbation=edge_deletion alpha=1.0 seed=0 workflow=native_netlsd status=success
2026-06-15 22:31:06,087 INFO row_complete 24/216 dataset=erdos_renyi perturbation=edge_deletion alpha=1.0 seed=0 workflow=diversity_curves_shortest_path status=success
2026-06-15 22:31:06,128 INFO row_complete 25/216 dataset=erdos_renyi perturbation=triangle_insertion alpha=0.0 seed=0 workflow=structural_statistics_mmd status=success
2026-06-15 22:31:06,146 INFO row_complete 26/216 dataset=erdos_renyi perturbation=triangle_insertion alpha=0.0 seed=0 workflow=wl_subtree_kernel_mmd status=success
2026-06-15 22:31:06,163 INFO row_complete 27/216 dataset=erdos_renyi perturbation=triangle_insertion alpha=0.0 seed=0 workflow=native_netlsd status=success
2026-06-15 22:31:06,182 INFO row_complete 28/216 dataset=erdos_renyi perturbation=triangle_insertion alpha=0.0 seed=0 workflow=diversity_curves_shortest_path status=success
2026-06-15 22:31:06,224 INFO row_complete 29/216 dataset=erdos_renyi perturbation=triangle_insertion alpha=0.5 seed=0 workflow=structural_statistics_mmd status=success
2026-06-15 22:31:06,241 INFO row_complete 30/216 dataset=erdos_renyi perturbation=triangle_insertion alpha=0.5 seed=0 workflow=wl_subtree_kernel_mmd status=success
2026-06-15 22:31:06,259 INFO row_complete 31/216 dataset=erdos_renyi perturbation=triangle_insertion alpha=0.5 seed=0 workflow=native_netlsd status=success
2026-06-15 22:31:06,276 INFO row_complete 32/216 dataset=erdos_renyi perturbation=triangle_insertion alpha=0.5 seed=0 workflow=diversity_curves_shortest_path status=success
2026-06-15 22:31:06,321 INFO row_complete 33/216 dataset=erdos_renyi perturbation=triangle_insertion alpha=1.0 seed=0 workflow=structural_statistics_mmd status=success
2026-06-15 22:31:06,339 INFO row_complete 34/216 dataset=erdos_renyi perturbation=triangle_insertion alpha=1.0 seed=0 workflow=wl_subtree_kernel_mmd status=success
2026-06-15 22:31:06,358 INFO row_complete 35/216 dataset=erdos_renyi perturbation=triangle_insertion alpha=1.0 seed=0 workflow=native_netlsd status=success
2026-06-15 22:31:06,375 INFO row_complete 36/216 dataset=erdos_renyi perturbation=triangle_insertion alpha=1.0 seed=0 workflow=diversity_curves_shortest_path status=success
2026-06-15 22:31:06,421 INFO row_complete 37/216 dataset=erdos_renyi perturbation=triangle_deletion alpha=0.0 seed=0 workflow=structural_statistics_mmd status=success
2026-06-15 22:31:06,439 INFO row_complete 38/216 dataset=erdos_renyi perturbation=triangle_deletion alpha=0.0 seed=0 workflow=wl_subtree_kernel_mmd status=success
2026-06-15 22:31:06,456 INFO row_complete 39/216 dataset=erdos_renyi perturbation=triangle_deletion alpha=0.0 seed=0 workflow=native_netlsd status=success
2026-06-15 22:31:06,475 INFO row_complete 40/216 dataset=erdos_renyi perturbation=triangle_deletion alpha=0.0 seed=0 workflow=diversity_curves_shortest_path status=success
2026-06-15 22:31:06,516 INFO row_complete 41/216 dataset=erdos_renyi perturbation=triangle_deletion alpha=0.5 seed=0 workflow=structural_statistics_mmd status=success
2026-06-15 22:31:06,536 INFO row_complete 42/216 dataset=erdos_renyi perturbation=triangle_deletion alpha=0.5 seed=0 workflow=wl_subtree_kernel_mmd status=success
2026-06-15 22:31:06,553 INFO row_complete 43/216 dataset=erdos_renyi perturbation=triangle_deletion alpha=0.5 seed=0 workflow=native_netlsd status=success
2026-06-15 22:31:06,572 INFO row_complete 44/216 dataset=erdos_renyi perturbation=triangle_deletion alpha=0.5 seed=0 workflow=diversity_curves_shortest_path status=success
2026-06-15 22:31:06,617 INFO row_complete 45/216 dataset=erdos_renyi perturbation=triangle_deletion alpha=1.0 seed=0 workflow=structural_statistics_mmd status=success
2026-06-15 22:31:06,636 INFO row_complete 46/216 dataset=erdos_renyi perturbation=triangle_deletion alpha=1.0 seed=0 workflow=wl_subtree_kernel_mmd status=success
2026-06-15 22:31:06,654 INFO row_complete 47/216 dataset=erdos_renyi perturbation=triangle_deletion alpha=1.0 seed=0 workflow=native_netlsd status=success
2026-06-15 22:31:06,673 INFO row_complete 48/216 dataset=erdos_renyi perturbation=triangle_deletion alpha=1.0 seed=0 workflow=diversity_curves_shortest_path status=success
2026-06-15 22:31:06,691 INFO row_complete 49/216 dataset=erdos_renyi perturbation=community_weakening alpha=0.0 seed=0 workflow=structural_statistics_mmd status=skipped
2026-06-15 22:31:06,709 INFO row_complete 50/216 dataset=erdos_renyi perturbation=community_weakening alpha=0.0 seed=0 workflow=wl_subtree_kernel_mmd status=skipped
2026-06-15 22:31:06,727 INFO row_complete 51/216 dataset=erdos_renyi perturbation=community_weakening alpha=0.0 seed=0 workflow=native_netlsd status=skipped
2026-06-15 22:31:06,745 INFO row_complete 52/216 dataset=erdos_renyi perturbation=community_weakening alpha=0.0 seed=0 workflow=diversity_curves_shortest_path status=skipped
2026-06-15 22:31:06,763 INFO row_complete 53/216 dataset=erdos_renyi perturbation=community_weakening alpha=0.5 seed=0 workflow=structural_statistics_mmd status=skipped
2026-06-15 22:31:06,782 INFO row_complete 54/216 dataset=erdos_renyi perturbation=community_weakening alpha=0.5 seed=0 workflow=wl_subtree_kernel_mmd status=skipped
2026-06-15 22:31:06,802 INFO row_complete 55/216 dataset=erdos_renyi perturbation=community_weakening alpha=0.5 seed=0 workflow=native_netlsd status=skipped
2026-06-15 22:31:06,820 INFO row_complete 56/216 dataset=erdos_renyi perturbation=community_weakening alpha=0.5 seed=0 workflow=diversity_curves_shortest_path status=skipped
2026-06-15 22:31:06,837 INFO row_complete 57/216 dataset=erdos_renyi perturbation=community_weakening alpha=1.0 seed=0 workflow=structural_statistics_mmd status=skipped
2026-06-15 22:31:06,849 INFO row_complete 58/216 dataset=erdos_renyi perturbation=community_weakening alpha=1.0 seed=0 workflow=wl_subtree_kernel_mmd status=skipped
2026-06-15 22:31:06,862 INFO row_complete 59/216 dataset=erdos_renyi perturbation=community_weakening alpha=1.0 seed=0 workflow=native_netlsd status=skipped
2026-06-15 22:31:06,875 INFO row_complete 60/216 dataset=erdos_renyi perturbation=community_weakening alpha=1.0 seed=0 workflow=diversity_curves_shortest_path status=skipped
2026-06-15 22:31:06,919 INFO row_complete 61/216 dataset=erdos_renyi perturbation=hub_modification alpha=0.0 seed=0 workflow=structural_statistics_mmd status=success
2026-06-15 22:31:06,931 INFO row_complete 62/216 dataset=erdos_renyi perturbation=hub_modification alpha=0.0 seed=0 workflow=wl_subtree_kernel_mmd status=success
2026-06-15 22:31:06,944 INFO row_complete 63/216 dataset=erdos_renyi perturbation=hub_modification alpha=0.0 seed=0 workflow=native_netlsd status=success
2026-06-15 22:31:06,956 INFO row_complete 64/216 dataset=erdos_renyi perturbation=hub_modification alpha=0.0 seed=0 workflow=diversity_curves_shortest_path status=success
2026-06-15 22:31:06,999 INFO row_complete 65/216 dataset=erdos_renyi perturbation=hub_modification alpha=0.5 seed=0 workflow=structural_statistics_mmd status=success
2026-06-15 22:31:07,011 INFO row_complete 66/216 dataset=erdos_renyi perturbation=hub_modification alpha=0.5 seed=0 workflow=wl_subtree_kernel_mmd status=success
2026-06-15 22:31:07,022 INFO row_complete 67/216 dataset=erdos_renyi perturbation=hub_modification alpha=0.5 seed=0 workflow=native_netlsd status=success
2026-06-15 22:31:07,033 INFO row_complete 68/216 dataset=erdos_renyi perturbation=hub_modification alpha=0.5 seed=0 workflow=diversity_curves_shortest_path status=success
2026-06-15 22:31:07,075 INFO row_complete 69/216 dataset=erdos_renyi perturbation=hub_modification alpha=1.0 seed=0 workflow=structural_statistics_mmd status=success
2026-06-15 22:31:07,085 INFO row_complete 70/216 dataset=erdos_renyi perturbation=hub_modification alpha=1.0 seed=0 workflow=wl_subtree_kernel_mmd status=success
2026-06-15 22:31:07,097 INFO row_complete 71/216 dataset=erdos_renyi perturbation=hub_modification alpha=1.0 seed=0 workflow=native_netlsd status=success
2026-06-15 22:31:07,109 INFO row_complete 72/216 dataset=erdos_renyi perturbation=hub_modification alpha=1.0 seed=0 workflow=diversity_curves_shortest_path status=success
2026-06-15 22:31:07,147 INFO row_complete 73/216 dataset=stochastic_block_model perturbation=edge_insertion alpha=0.0 seed=0 workflow=structural_statistics_mmd status=success
2026-06-15 22:31:07,158 INFO row_complete 74/216 dataset=stochastic_block_model perturbation=edge_insertion alpha=0.0 seed=0 workflow=wl_subtree_kernel_mmd status=success
2026-06-15 22:31:07,169 INFO row_complete 75/216 dataset=stochastic_block_model perturbation=edge_insertion alpha=0.0 seed=0 workflow=native_netlsd status=success
2026-06-15 22:31:07,180 INFO row_complete 76/216 dataset=stochastic_block_model perturbation=edge_insertion alpha=0.0 seed=0 workflow=diversity_curves_shortest_path status=success
2026-06-15 22:31:07,222 INFO row_complete 77/216 dataset=stochastic_block_model perturbation=edge_insertion alpha=0.5 seed=0 workflow=structural_statistics_mmd status=success
2026-06-15 22:31:07,234 INFO row_complete 78/216 dataset=stochastic_block_model perturbation=edge_insertion alpha=0.5 seed=0 workflow=wl_subtree_kernel_mmd status=success
2026-06-15 22:31:07,245 INFO row_complete 79/216 dataset=stochastic_block_model perturbation=edge_insertion alpha=0.5 seed=0 workflow=native_netlsd status=success
2026-06-15 22:31:07,256 INFO row_complete 80/216 dataset=stochastic_block_model perturbation=edge_insertion alpha=0.5 seed=0 workflow=diversity_curves_shortest_path status=success
2026-06-15 22:31:07,302 INFO row_complete 81/216 dataset=stochastic_block_model perturbation=edge_insertion alpha=1.0 seed=0 workflow=structural_statistics_mmd status=success
2026-06-15 22:31:07,313 INFO row_complete 82/216 dataset=stochastic_block_model perturbation=edge_insertion alpha=1.0 seed=0 workflow=wl_subtree_kernel_mmd status=success
2026-06-15 22:31:07,324 INFO row_complete 83/216 dataset=stochastic_block_model perturbation=edge_insertion alpha=1.0 seed=0 workflow=native_netlsd status=success
2026-06-15 22:31:07,336 INFO row_complete 84/216 dataset=stochastic_block_model perturbation=edge_insertion alpha=1.0 seed=0 workflow=diversity_curves_shortest_path status=success
2026-06-15 22:31:07,377 INFO row_complete 85/216 dataset=stochastic_block_model perturbation=edge_deletion alpha=0.0 seed=0 workflow=structural_statistics_mmd status=success
2026-06-15 22:31:07,389 INFO row_complete 86/216 dataset=stochastic_block_model perturbation=edge_deletion alpha=0.0 seed=0 workflow=wl_subtree_kernel_mmd status=success
2026-06-15 22:31:07,401 INFO row_complete 87/216 dataset=stochastic_block_model perturbation=edge_deletion alpha=0.0 seed=0 workflow=native_netlsd status=success
2026-06-15 22:31:07,414 INFO row_complete 88/216 dataset=stochastic_block_model perturbation=edge_deletion alpha=0.0 seed=0 workflow=diversity_curves_shortest_path status=success
2026-06-15 22:31:07,450 INFO row_complete 89/216 dataset=stochastic_block_model perturbation=edge_deletion alpha=0.5 seed=0 workflow=structural_statistics_mmd status=success
2026-06-15 22:31:07,463 INFO row_complete 90/216 dataset=stochastic_block_model perturbation=edge_deletion alpha=0.5 seed=0 workflow=wl_subtree_kernel_mmd status=success
2026-06-15 22:31:07,476 INFO row_complete 91/216 dataset=stochastic_block_model perturbation=edge_deletion alpha=0.5 seed=0 workflow=native_netlsd status=success
2026-06-15 22:31:07,488 INFO row_complete 92/216 dataset=stochastic_block_model perturbation=edge_deletion alpha=0.5 seed=0 workflow=diversity_curves_shortest_path status=success
2026-06-15 22:31:07,523 INFO row_complete 93/216 dataset=stochastic_block_model perturbation=edge_deletion alpha=1.0 seed=0 workflow=structural_statistics_mmd status=success
2026-06-15 22:31:07,535 INFO row_complete 94/216 dataset=stochastic_block_model perturbation=edge_deletion alpha=1.0 seed=0 workflow=wl_subtree_kernel_mmd status=success
2026-06-15 22:31:07,548 INFO row_complete 95/216 dataset=stochastic_block_model perturbation=edge_deletion alpha=1.0 seed=0 workflow=native_netlsd status=success
2026-06-15 22:31:07,561 INFO row_complete 96/216 dataset=stochastic_block_model perturbation=edge_deletion alpha=1.0 seed=0 workflow=diversity_curves_shortest_path status=success
2026-06-15 22:31:07,600 INFO row_complete 97/216 dataset=stochastic_block_model perturbation=triangle_insertion alpha=0.0 seed=0 workflow=structural_statistics_mmd status=success
2026-06-15 22:31:07,613 INFO row_complete 98/216 dataset=stochastic_block_model perturbation=triangle_insertion alpha=0.0 seed=0 workflow=wl_subtree_kernel_mmd status=success
2026-06-15 22:31:07,625 INFO row_complete 99/216 dataset=stochastic_block_model perturbation=triangle_insertion alpha=0.0 seed=0 workflow=native_netlsd status=success
2026-06-15 22:31:07,638 INFO row_complete 100/216 dataset=stochastic_block_model perturbation=triangle_insertion alpha=0.0 seed=0 workflow=diversity_curves_shortest_path status=success
2026-06-15 22:31:07,677 INFO row_complete 101/216 dataset=stochastic_block_model perturbation=triangle_insertion alpha=0.5 seed=0 workflow=structural_statistics_mmd status=success
2026-06-15 22:31:07,690 INFO row_complete 102/216 dataset=stochastic_block_model perturbation=triangle_insertion alpha=0.5 seed=0 workflow=wl_subtree_kernel_mmd status=success
2026-06-15 22:31:07,701 INFO row_complete 103/216 dataset=stochastic_block_model perturbation=triangle_insertion alpha=0.5 seed=0 workflow=native_netlsd status=success
2026-06-15 22:31:07,715 INFO row_complete 104/216 dataset=stochastic_block_model perturbation=triangle_insertion alpha=0.5 seed=0 workflow=diversity_curves_shortest_path status=success
2026-06-15 22:31:07,756 INFO row_complete 105/216 dataset=stochastic_block_model perturbation=triangle_insertion alpha=1.0 seed=0 workflow=structural_statistics_mmd status=success
2026-06-15 22:31:07,768 INFO row_complete 106/216 dataset=stochastic_block_model perturbation=triangle_insertion alpha=1.0 seed=0 workflow=wl_subtree_kernel_mmd status=success
2026-06-15 22:31:07,782 INFO row_complete 107/216 dataset=stochastic_block_model perturbation=triangle_insertion alpha=1.0 seed=0 workflow=native_netlsd status=success
2026-06-15 22:31:07,795 INFO row_complete 108/216 dataset=stochastic_block_model perturbation=triangle_insertion alpha=1.0 seed=0 workflow=diversity_curves_shortest_path status=success
2026-06-15 22:31:07,833 INFO row_complete 109/216 dataset=stochastic_block_model perturbation=triangle_deletion alpha=0.0 seed=0 workflow=structural_statistics_mmd status=success
2026-06-15 22:31:07,847 INFO row_complete 110/216 dataset=stochastic_block_model perturbation=triangle_deletion alpha=0.0 seed=0 workflow=wl_subtree_kernel_mmd status=success
2026-06-15 22:31:07,859 INFO row_complete 111/216 dataset=stochastic_block_model perturbation=triangle_deletion alpha=0.0 seed=0 workflow=native_netlsd status=success
2026-06-15 22:31:07,871 INFO row_complete 112/216 dataset=stochastic_block_model perturbation=triangle_deletion alpha=0.0 seed=0 workflow=diversity_curves_shortest_path status=success
2026-06-15 22:31:07,909 INFO row_complete 113/216 dataset=stochastic_block_model perturbation=triangle_deletion alpha=0.5 seed=0 workflow=structural_statistics_mmd status=success
2026-06-15 22:31:07,921 INFO row_complete 114/216 dataset=stochastic_block_model perturbation=triangle_deletion alpha=0.5 seed=0 workflow=wl_subtree_kernel_mmd status=success
2026-06-15 22:31:07,933 INFO row_complete 115/216 dataset=stochastic_block_model perturbation=triangle_deletion alpha=0.5 seed=0 workflow=native_netlsd status=success
2026-06-15 22:31:07,946 INFO row_complete 116/216 dataset=stochastic_block_model perturbation=triangle_deletion alpha=0.5 seed=0 workflow=diversity_curves_shortest_path status=success
2026-06-15 22:31:07,986 INFO row_complete 117/216 dataset=stochastic_block_model perturbation=triangle_deletion alpha=1.0 seed=0 workflow=structural_statistics_mmd status=success
2026-06-15 22:31:07,998 INFO row_complete 118/216 dataset=stochastic_block_model perturbation=triangle_deletion alpha=1.0 seed=0 workflow=wl_subtree_kernel_mmd status=success
2026-06-15 22:31:08,010 INFO row_complete 119/216 dataset=stochastic_block_model perturbation=triangle_deletion alpha=1.0 seed=0 workflow=native_netlsd status=success
2026-06-15 22:31:08,022 INFO row_complete 120/216 dataset=stochastic_block_model perturbation=triangle_deletion alpha=1.0 seed=0 workflow=diversity_curves_shortest_path status=success
2026-06-15 22:31:08,060 INFO row_complete 121/216 dataset=stochastic_block_model perturbation=community_weakening alpha=0.0 seed=0 workflow=structural_statistics_mmd status=success
2026-06-15 22:31:08,072 INFO row_complete 122/216 dataset=stochastic_block_model perturbation=community_weakening alpha=0.0 seed=0 workflow=wl_subtree_kernel_mmd status=success
2026-06-15 22:31:08,084 INFO row_complete 123/216 dataset=stochastic_block_model perturbation=community_weakening alpha=0.0 seed=0 workflow=native_netlsd status=success
2026-06-15 22:31:08,096 INFO row_complete 124/216 dataset=stochastic_block_model perturbation=community_weakening alpha=0.0 seed=0 workflow=diversity_curves_shortest_path status=success
2026-06-15 22:31:08,135 INFO row_complete 125/216 dataset=stochastic_block_model perturbation=community_weakening alpha=0.5 seed=0 workflow=structural_statistics_mmd status=success
2026-06-15 22:31:08,147 INFO row_complete 126/216 dataset=stochastic_block_model perturbation=community_weakening alpha=0.5 seed=0 workflow=wl_subtree_kernel_mmd status=success
2026-06-15 22:31:08,159 INFO row_complete 127/216 dataset=stochastic_block_model perturbation=community_weakening alpha=0.5 seed=0 workflow=native_netlsd status=success
2026-06-15 22:31:08,171 INFO row_complete 128/216 dataset=stochastic_block_model perturbation=community_weakening alpha=0.5 seed=0 workflow=diversity_curves_shortest_path status=success
2026-06-15 22:31:08,212 INFO row_complete 129/216 dataset=stochastic_block_model perturbation=community_weakening alpha=1.0 seed=0 workflow=structural_statistics_mmd status=success
2026-06-15 22:31:08,225 INFO row_complete 130/216 dataset=stochastic_block_model perturbation=community_weakening alpha=1.0 seed=0 workflow=wl_subtree_kernel_mmd status=success
2026-06-15 22:31:08,237 INFO row_complete 131/216 dataset=stochastic_block_model perturbation=community_weakening alpha=1.0 seed=0 workflow=native_netlsd status=success
2026-06-15 22:31:08,249 INFO row_complete 132/216 dataset=stochastic_block_model perturbation=community_weakening alpha=1.0 seed=0 workflow=diversity_curves_shortest_path status=success
2026-06-15 22:31:08,288 INFO row_complete 133/216 dataset=stochastic_block_model perturbation=hub_modification alpha=0.0 seed=0 workflow=structural_statistics_mmd status=success
2026-06-15 22:31:08,300 INFO row_complete 134/216 dataset=stochastic_block_model perturbation=hub_modification alpha=0.0 seed=0 workflow=wl_subtree_kernel_mmd status=success
2026-06-15 22:31:08,312 INFO row_complete 135/216 dataset=stochastic_block_model perturbation=hub_modification alpha=0.0 seed=0 workflow=native_netlsd status=success
2026-06-15 22:31:08,325 INFO row_complete 136/216 dataset=stochastic_block_model perturbation=hub_modification alpha=0.0 seed=0 workflow=diversity_curves_shortest_path status=success
2026-06-15 22:31:08,363 INFO row_complete 137/216 dataset=stochastic_block_model perturbation=hub_modification alpha=0.5 seed=0 workflow=structural_statistics_mmd status=success
2026-06-15 22:31:08,375 INFO row_complete 138/216 dataset=stochastic_block_model perturbation=hub_modification alpha=0.5 seed=0 workflow=wl_subtree_kernel_mmd status=success
2026-06-15 22:31:08,386 INFO row_complete 139/216 dataset=stochastic_block_model perturbation=hub_modification alpha=0.5 seed=0 workflow=native_netlsd status=success
2026-06-15 22:31:08,398 INFO row_complete 140/216 dataset=stochastic_block_model perturbation=hub_modification alpha=0.5 seed=0 workflow=diversity_curves_shortest_path status=success
2026-06-15 22:31:08,436 INFO row_complete 141/216 dataset=stochastic_block_model perturbation=hub_modification alpha=1.0 seed=0 workflow=structural_statistics_mmd status=success
2026-06-15 22:31:08,448 INFO row_complete 142/216 dataset=stochastic_block_model perturbation=hub_modification alpha=1.0 seed=0 workflow=wl_subtree_kernel_mmd status=success
2026-06-15 22:31:08,461 INFO row_complete 143/216 dataset=stochastic_block_model perturbation=hub_modification alpha=1.0 seed=0 workflow=native_netlsd status=success
2026-06-15 22:31:08,473 INFO row_complete 144/216 dataset=stochastic_block_model perturbation=hub_modification alpha=1.0 seed=0 workflow=diversity_curves_shortest_path status=success
2026-06-15 22:31:08,599 INFO row_complete 145/216 dataset=barabasi_albert perturbation=edge_insertion alpha=0.0 seed=0 workflow=structural_statistics_mmd status=success
2026-06-15 22:31:08,613 INFO row_complete 146/216 dataset=barabasi_albert perturbation=edge_insertion alpha=0.0 seed=0 workflow=wl_subtree_kernel_mmd status=success
2026-06-15 22:31:08,627 INFO row_complete 147/216 dataset=barabasi_albert perturbation=edge_insertion alpha=0.0 seed=0 workflow=native_netlsd status=success
2026-06-15 22:31:08,629 INFO row_complete 148/216 dataset=barabasi_albert perturbation=edge_insertion alpha=0.0 seed=0 workflow=diversity_curves_shortest_path status=success
2026-06-15 22:31:08,758 INFO row_complete 149/216 dataset=barabasi_albert perturbation=edge_insertion alpha=0.5 seed=0 workflow=structural_statistics_mmd status=success
2026-06-15 22:31:08,759 INFO row_complete 150/216 dataset=barabasi_albert perturbation=edge_insertion alpha=0.5 seed=0 workflow=wl_subtree_kernel_mmd status=success
2026-06-15 22:31:08,761 INFO row_complete 151/216 dataset=barabasi_albert perturbation=edge_insertion alpha=0.5 seed=0 workflow=native_netlsd status=success
2026-06-15 22:31:08,762 INFO row_complete 152/216 dataset=barabasi_albert perturbation=edge_insertion alpha=0.5 seed=0 workflow=diversity_curves_shortest_path status=success
2026-06-15 22:31:08,921 INFO row_complete 153/216 dataset=barabasi_albert perturbation=edge_insertion alpha=1.0 seed=0 workflow=structural_statistics_mmd status=success
2026-06-15 22:31:08,940 INFO row_complete 154/216 dataset=barabasi_albert perturbation=edge_insertion alpha=1.0 seed=0 workflow=wl_subtree_kernel_mmd status=success
2026-06-15 22:31:08,959 INFO row_complete 155/216 dataset=barabasi_albert perturbation=edge_insertion alpha=1.0 seed=0 workflow=native_netlsd status=success
2026-06-15 22:31:08,978 INFO row_complete 156/216 dataset=barabasi_albert perturbation=edge_insertion alpha=1.0 seed=0 workflow=diversity_curves_shortest_path status=success
2026-06-15 22:31:09,093 INFO row_complete 157/216 dataset=barabasi_albert perturbation=edge_deletion alpha=0.0 seed=0 workflow=structural_statistics_mmd status=success
2026-06-15 22:31:09,113 INFO row_complete 158/216 dataset=barabasi_albert perturbation=edge_deletion alpha=0.0 seed=0 workflow=wl_subtree_kernel_mmd status=success
2026-06-15 22:31:09,133 INFO row_complete 159/216 dataset=barabasi_albert perturbation=edge_deletion alpha=0.0 seed=0 workflow=native_netlsd status=success
2026-06-15 22:31:09,154 INFO row_complete 160/216 dataset=barabasi_albert perturbation=edge_deletion alpha=0.0 seed=0 workflow=diversity_curves_shortest_path status=success
2026-06-15 22:31:09,255 INFO row_complete 161/216 dataset=barabasi_albert perturbation=edge_deletion alpha=0.5 seed=0 workflow=structural_statistics_mmd status=success
2026-06-15 22:31:09,276 INFO row_complete 162/216 dataset=barabasi_albert perturbation=edge_deletion alpha=0.5 seed=0 workflow=wl_subtree_kernel_mmd status=success
2026-06-15 22:31:09,297 INFO row_complete 163/216 dataset=barabasi_albert perturbation=edge_deletion alpha=0.5 seed=0 workflow=native_netlsd status=success
2026-06-15 22:31:09,316 INFO row_complete 164/216 dataset=barabasi_albert perturbation=edge_deletion alpha=0.5 seed=0 workflow=diversity_curves_shortest_path status=success
2026-06-15 22:31:09,387 INFO row_complete 165/216 dataset=barabasi_albert perturbation=edge_deletion alpha=1.0 seed=0 workflow=structural_statistics_mmd status=success
2026-06-15 22:31:09,409 INFO row_complete 166/216 dataset=barabasi_albert perturbation=edge_deletion alpha=1.0 seed=0 workflow=wl_subtree_kernel_mmd status=success
2026-06-15 22:31:09,431 INFO row_complete 167/216 dataset=barabasi_albert perturbation=edge_deletion alpha=1.0 seed=0 workflow=native_netlsd status=success
2026-06-15 22:31:09,450 INFO row_complete 168/216 dataset=barabasi_albert perturbation=edge_deletion alpha=1.0 seed=0 workflow=diversity_curves_shortest_path status=success
2026-06-15 22:31:09,581 INFO row_complete 169/216 dataset=barabasi_albert perturbation=triangle_insertion alpha=0.0 seed=0 workflow=structural_statistics_mmd status=success
2026-06-15 22:31:09,600 INFO row_complete 170/216 dataset=barabasi_albert perturbation=triangle_insertion alpha=0.0 seed=0 workflow=wl_subtree_kernel_mmd status=success
2026-06-15 22:31:09,620 INFO row_complete 171/216 dataset=barabasi_albert perturbation=triangle_insertion alpha=0.0 seed=0 workflow=native_netlsd status=success
2026-06-15 22:31:09,640 INFO row_complete 172/216 dataset=barabasi_albert perturbation=triangle_insertion alpha=0.0 seed=0 workflow=diversity_curves_shortest_path status=success
2026-06-15 22:31:09,774 INFO row_complete 173/216 dataset=barabasi_albert perturbation=triangle_insertion alpha=0.5 seed=0 workflow=structural_statistics_mmd status=success
2026-06-15 22:31:09,793 INFO row_complete 174/216 dataset=barabasi_albert perturbation=triangle_insertion alpha=0.5 seed=0 workflow=wl_subtree_kernel_mmd status=success
2026-06-15 22:31:09,813 INFO row_complete 175/216 dataset=barabasi_albert perturbation=triangle_insertion alpha=0.5 seed=0 workflow=native_netlsd status=success
2026-06-15 22:31:09,832 INFO row_complete 176/216 dataset=barabasi_albert perturbation=triangle_insertion alpha=0.5 seed=0 workflow=diversity_curves_shortest_path status=success
2026-06-15 22:31:09,982 INFO row_complete 177/216 dataset=barabasi_albert perturbation=triangle_insertion alpha=1.0 seed=0 workflow=structural_statistics_mmd status=success
2026-06-15 22:31:10,000 INFO row_complete 178/216 dataset=barabasi_albert perturbation=triangle_insertion alpha=1.0 seed=0 workflow=wl_subtree_kernel_mmd status=success
2026-06-15 22:31:10,019 INFO row_complete 179/216 dataset=barabasi_albert perturbation=triangle_insertion alpha=1.0 seed=0 workflow=native_netlsd status=success
2026-06-15 22:31:10,038 INFO row_complete 180/216 dataset=barabasi_albert perturbation=triangle_insertion alpha=1.0 seed=0 workflow=diversity_curves_shortest_path status=success
2026-06-15 22:31:10,165 INFO row_complete 181/216 dataset=barabasi_albert perturbation=triangle_deletion alpha=0.0 seed=0 workflow=structural_statistics_mmd status=success
2026-06-15 22:31:10,182 INFO row_complete 182/216 dataset=barabasi_albert perturbation=triangle_deletion alpha=0.0 seed=0 workflow=wl_subtree_kernel_mmd status=success
2026-06-15 22:31:10,199 INFO row_complete 183/216 dataset=barabasi_albert perturbation=triangle_deletion alpha=0.0 seed=0 workflow=native_netlsd status=success
2026-06-15 22:31:10,216 INFO row_complete 184/216 dataset=barabasi_albert perturbation=triangle_deletion alpha=0.0 seed=0 workflow=diversity_curves_shortest_path status=success
2026-06-15 22:31:10,321 INFO row_complete 185/216 dataset=barabasi_albert perturbation=triangle_deletion alpha=0.5 seed=0 workflow=structural_statistics_mmd status=success
2026-06-15 22:31:10,337 INFO row_complete 186/216 dataset=barabasi_albert perturbation=triangle_deletion alpha=0.5 seed=0 workflow=wl_subtree_kernel_mmd status=success
2026-06-15 22:31:10,353 INFO row_complete 187/216 dataset=barabasi_albert perturbation=triangle_deletion alpha=0.5 seed=0 workflow=native_netlsd status=success
2026-06-15 22:31:10,368 INFO row_complete 188/216 dataset=barabasi_albert perturbation=triangle_deletion alpha=0.5 seed=0 workflow=diversity_curves_shortest_path status=success
2026-06-15 22:31:10,445 INFO row_complete 189/216 dataset=barabasi_albert perturbation=triangle_deletion alpha=1.0 seed=0 workflow=structural_statistics_mmd status=success
2026-06-15 22:31:10,460 INFO row_complete 190/216 dataset=barabasi_albert perturbation=triangle_deletion alpha=1.0 seed=0 workflow=wl_subtree_kernel_mmd status=success
2026-06-15 22:31:10,478 INFO row_complete 191/216 dataset=barabasi_albert perturbation=triangle_deletion alpha=1.0 seed=0 workflow=native_netlsd status=success
2026-06-15 22:31:10,492 INFO row_complete 192/216 dataset=barabasi_albert perturbation=triangle_deletion alpha=1.0 seed=0 workflow=diversity_curves_shortest_path status=success
2026-06-15 22:31:10,504 INFO row_complete 193/216 dataset=barabasi_albert perturbation=community_weakening alpha=0.0 seed=0 workflow=structural_statistics_mmd status=skipped
2026-06-15 22:31:10,516 INFO row_complete 194/216 dataset=barabasi_albert perturbation=community_weakening alpha=0.0 seed=0 workflow=wl_subtree_kernel_mmd status=skipped
2026-06-15 22:31:10,528 INFO row_complete 195/216 dataset=barabasi_albert perturbation=community_weakening alpha=0.0 seed=0 workflow=native_netlsd status=skipped
2026-06-15 22:31:10,540 INFO row_complete 196/216 dataset=barabasi_albert perturbation=community_weakening alpha=0.0 seed=0 workflow=diversity_curves_shortest_path status=skipped
2026-06-15 22:31:10,551 INFO row_complete 197/216 dataset=barabasi_albert perturbation=community_weakening alpha=0.5 seed=0 workflow=structural_statistics_mmd status=skipped
2026-06-15 22:31:10,564 INFO row_complete 198/216 dataset=barabasi_albert perturbation=community_weakening alpha=0.5 seed=0 workflow=wl_subtree_kernel_mmd status=skipped
2026-06-15 22:31:10,576 INFO row_complete 199/216 dataset=barabasi_albert perturbation=community_weakening alpha=0.5 seed=0 workflow=native_netlsd status=skipped
2026-06-15 22:31:10,588 INFO row_complete 200/216 dataset=barabasi_albert perturbation=community_weakening alpha=0.5 seed=0 workflow=diversity_curves_shortest_path status=skipped
2026-06-15 22:31:10,600 INFO row_complete 201/216 dataset=barabasi_albert perturbation=community_weakening alpha=1.0 seed=0 workflow=structural_statistics_mmd status=skipped
2026-06-15 22:31:10,612 INFO row_complete 202/216 dataset=barabasi_albert perturbation=community_weakening alpha=1.0 seed=0 workflow=wl_subtree_kernel_mmd status=skipped
2026-06-15 22:31:10,625 INFO row_complete 203/216 dataset=barabasi_albert perturbation=community_weakening alpha=1.0 seed=0 workflow=native_netlsd status=skipped
2026-06-15 22:31:10,637 INFO row_complete 204/216 dataset=barabasi_albert perturbation=community_weakening alpha=1.0 seed=0 workflow=diversity_curves_shortest_path status=skipped
2026-06-15 22:31:10,751 INFO row_complete 205/216 dataset=barabasi_albert perturbation=hub_modification alpha=0.0 seed=0 workflow=structural_statistics_mmd status=success
2026-06-15 22:31:10,763 INFO row_complete 206/216 dataset=barabasi_albert perturbation=hub_modification alpha=0.0 seed=0 workflow=wl_subtree_kernel_mmd status=success
2026-06-15 22:31:10,777 INFO row_complete 207/216 dataset=barabasi_albert perturbation=hub_modification alpha=0.0 seed=0 workflow=native_netlsd status=success
2026-06-15 22:31:10,791 INFO row_complete 208/216 dataset=barabasi_albert perturbation=hub_modification alpha=0.0 seed=0 workflow=diversity_curves_shortest_path status=success
2026-06-15 22:31:10,909 INFO row_complete 209/216 dataset=barabasi_albert perturbation=hub_modification alpha=0.5 seed=0 workflow=structural_statistics_mmd status=success
2026-06-15 22:31:10,920 INFO row_complete 210/216 dataset=barabasi_albert perturbation=hub_modification alpha=0.5 seed=0 workflow=wl_subtree_kernel_mmd status=success
2026-06-15 22:31:10,932 INFO row_complete 211/216 dataset=barabasi_albert perturbation=hub_modification alpha=0.5 seed=0 workflow=native_netlsd status=success
2026-06-15 22:31:10,945 INFO row_complete 212/216 dataset=barabasi_albert perturbation=hub_modification alpha=0.5 seed=0 workflow=diversity_curves_shortest_path status=success
2026-06-15 22:31:11,056 INFO row_complete 213/216 dataset=barabasi_albert perturbation=hub_modification alpha=1.0 seed=0 workflow=structural_statistics_mmd status=success
2026-06-15 22:31:11,068 INFO row_complete 214/216 dataset=barabasi_albert perturbation=hub_modification alpha=1.0 seed=0 workflow=wl_subtree_kernel_mmd status=success
2026-06-15 22:31:11,078 INFO row_complete 215/216 dataset=barabasi_albert perturbation=hub_modification alpha=1.0 seed=0 workflow=native_netlsd status=success
2026-06-15 22:31:11,089 INFO row_complete 216/216 dataset=barabasi_albert perturbation=hub_modification alpha=1.0 seed=0 workflow=diversity_curves_shortest_path status=success
2026-06-15 22:31:11,089 INFO run_finish result_path=outputs/full_fidelity_debug/results/results.csv rows_written=216 completed=216 total=216
