2026-07-02 20:59:10,342 INFO run_start result_path=results/runs/2026-07-03T0159_3bb151a6/results/results.csv resume=True rerun_failed=False workers=12 seed_range=None seeds=5 completed=0 total=1320 device=cpu
2026-07-02 20:59:50,534 INFO run_start result_path=results/runs/2026-07-03T0159_3bb151a6/results/results.csv resume=True rerun_failed=False workers=12 seed_range=None seeds=5 completed=0 total=1320 device=cpu
2026-07-02 21:00:06,115 INFO run_start result_path=results/runs/2026-07-03T0159_3bb151a6/results/results.csv resume=True rerun_failed=False workers=12 seed_range=None seeds=5 completed=0 total=1320 device=cpu
2026-07-02 21:11:28,967 INFO row_complete 1/1320 dataset=imdb_binary perturbation=edge_deletion alpha=0.0 seed=0 workflow=structural_statistics_mmd status=success
2026-07-02 21:11:28,975 INFO row_complete 2/1320 dataset=imdb_binary perturbation=edge_deletion alpha=0.0 seed=0 workflow=wl_subtree_kernel_mmd status=success
2026-07-02 21:11:28,982 INFO row_complete 3/1320 dataset=imdb_binary perturbation=edge_deletion alpha=0.0 seed=0 workflow=native_netlsd status=success
2026-07-02 21:11:28,987 INFO row_complete 4/1320 dataset=imdb_binary perturbation=edge_deletion alpha=0.0 seed=0 workflow=diversity_curves_shortest_path status=success
2026-07-02 21:11:37,167 INFO row_complete 5/1320 dataset=imdb_binary perturbation=edge_insertion alpha=0.0 seed=0 workflow=structural_statistics_mmd status=success
2026-07-02 21:11:37,170 INFO row_complete 6/1320 dataset=imdb_binary perturbation=edge_insertion alpha=0.0 seed=0 workflow=wl_subtree_kernel_mmd status=success
2026-07-02 21:11:37,174 INFO row_complete 7/1320 dataset=imdb_binary perturbation=edge_insertion alpha=0.0 seed=0 workflow=native_netlsd status=success
2026-07-02 21:11:37,179 INFO row_complete 8/1320 dataset=imdb_binary perturbation=edge_insertion alpha=0.0 seed=0 workflow=diversity_curves_shortest_path status=success
2026-07-02 21:12:08,815 INFO row_complete 9/1320 dataset=imdb_binary perturbation=edge_insertion alpha=0.1 seed=0 workflow=structural_statistics_mmd status=success
2026-07-02 21:12:08,822 INFO row_complete 10/1320 dataset=imdb_binary perturbation=edge_insertion alpha=0.1 seed=0 workflow=wl_subtree_kernel_mmd status=success
2026-07-02 21:12:08,831 INFO row_complete 11/1320 dataset=imdb_binary perturbation=edge_insertion alpha=0.1 seed=0 workflow=native_netlsd status=success
2026-07-02 21:12:08,839 INFO row_complete 12/1320 dataset=imdb_binary perturbation=edge_insertion alpha=0.1 seed=0 workflow=diversity_curves_shortest_path status=success
2026-07-02 21:12:23,470 INFO row_complete 13/1320 dataset=imdb_binary perturbation=edge_insertion alpha=0.2 seed=0 workflow=structural_statistics_mmd status=success
2026-07-02 21:12:23,475 INFO row_complete 14/1320 dataset=imdb_binary perturbation=edge_insertion alpha=0.2 seed=0 workflow=wl_subtree_kernel_mmd status=success
2026-07-02 21:12:23,486 INFO row_complete 15/1320 dataset=imdb_binary perturbation=edge_insertion alpha=0.2 seed=0 workflow=native_netlsd status=success
2026-07-02 21:12:23,491 INFO row_complete 16/1320 dataset=imdb_binary perturbation=edge_insertion alpha=0.2 seed=0 workflow=diversity_curves_shortest_path status=success
2026-07-02 21:12:33,352 INFO row_complete 1/1320 dataset=imdb_binary perturbation=edge_insertion alpha=0.0 seed=0 workflow=structural_statistics_mmd status=success
2026-07-02 21:12:33,363 INFO row_complete 2/1320 dataset=imdb_binary perturbation=edge_insertion alpha=0.0 seed=0 workflow=wl_subtree_kernel_mmd status=success
2026-07-02 21:12:33,371 INFO row_complete 3/1320 dataset=imdb_binary perturbation=edge_insertion alpha=0.0 seed=0 workflow=native_netlsd status=success
2026-07-02 21:12:33,379 INFO row_complete 4/1320 dataset=imdb_binary perturbation=edge_insertion alpha=0.0 seed=0 workflow=diversity_curves_shortest_path status=success
2026-07-02 21:12:33,451 INFO row_complete 17/1320 dataset=imdb_binary perturbation=edge_insertion alpha=0.3 seed=0 workflow=structural_statistics_mmd status=success
2026-07-02 21:12:33,462 INFO row_complete 18/1320 dataset=imdb_binary perturbation=edge_insertion alpha=0.3 seed=0 workflow=wl_subtree_kernel_mmd status=success
2026-07-02 21:12:33,466 INFO row_complete 19/1320 dataset=imdb_binary perturbation=edge_insertion alpha=0.3 seed=0 workflow=native_netlsd status=success
2026-07-02 21:12:33,471 INFO row_complete 20/1320 dataset=imdb_binary perturbation=edge_insertion alpha=0.3 seed=0 workflow=diversity_curves_shortest_path status=success
2026-07-02 21:12:37,816 INFO row_complete 21/1320 dataset=imdb_binary perturbation=edge_insertion alpha=0.5 seed=0 workflow=structural_statistics_mmd status=success
2026-07-02 21:12:37,831 INFO row_complete 22/1320 dataset=imdb_binary perturbation=edge_insertion alpha=0.5 seed=0 workflow=wl_subtree_kernel_mmd status=success
2026-07-02 21:12:37,835 INFO row_complete 23/1320 dataset=imdb_binary perturbation=edge_insertion alpha=0.5 seed=0 workflow=native_netlsd status=success
2026-07-02 21:12:37,839 INFO row_complete 24/1320 dataset=imdb_binary perturbation=edge_insertion alpha=0.5 seed=0 workflow=diversity_curves_shortest_path status=success
2026-07-02 21:12:37,895 INFO row_complete 5/1320 dataset=imdb_binary perturbation=edge_insertion alpha=0.2 seed=0 workflow=structural_statistics_mmd status=success
2026-07-02 21:12:37,903 INFO row_complete 6/1320 dataset=imdb_binary perturbation=edge_insertion alpha=0.2 seed=0 workflow=wl_subtree_kernel_mmd status=success
2026-07-02 21:12:37,915 INFO row_complete 7/1320 dataset=imdb_binary perturbation=edge_insertion alpha=0.2 seed=0 workflow=native_netlsd status=success
2026-07-02 21:12:37,919 INFO row_complete 8/1320 dataset=imdb_binary perturbation=edge_insertion alpha=0.2 seed=0 workflow=diversity_curves_shortest_path status=success
2026-07-02 21:12:40,300 INFO row_complete 9/1320 dataset=imdb_binary perturbation=edge_deletion alpha=0.0 seed=0 workflow=structural_statistics_mmd status=success
2026-07-02 21:12:40,309 INFO row_complete 10/1320 dataset=imdb_binary perturbation=edge_deletion alpha=0.0 seed=0 workflow=wl_subtree_kernel_mmd status=success
2026-07-02 21:12:40,319 INFO row_complete 11/1320 dataset=imdb_binary perturbation=edge_deletion alpha=0.0 seed=0 workflow=native_netlsd status=success
2026-07-02 21:12:40,323 INFO row_complete 12/1320 dataset=imdb_binary perturbation=edge_deletion alpha=0.0 seed=0 workflow=diversity_curves_shortest_path status=success
2026-07-02 21:12:41,499 INFO row_complete 13/1320 dataset=imdb_binary perturbation=edge_insertion alpha=0.1 seed=0 workflow=structural_statistics_mmd status=success
2026-07-02 21:12:41,507 INFO row_complete 14/1320 dataset=imdb_binary perturbation=edge_insertion alpha=0.1 seed=0 workflow=wl_subtree_kernel_mmd status=success
2026-07-02 21:12:41,510 INFO row_complete 15/1320 dataset=imdb_binary perturbation=edge_insertion alpha=0.1 seed=0 workflow=native_netlsd status=success
2026-07-02 21:12:41,515 INFO row_complete 16/1320 dataset=imdb_binary perturbation=edge_insertion alpha=0.1 seed=0 workflow=diversity_curves_shortest_path status=success
2026-07-02 21:12:53,018 INFO row_complete 25/1320 dataset=imdb_binary perturbation=edge_insertion alpha=0.7 seed=0 workflow=structural_statistics_mmd status=success
2026-07-02 21:12:53,031 INFO row_complete 26/1320 dataset=imdb_binary perturbation=edge_insertion alpha=0.7 seed=0 workflow=wl_subtree_kernel_mmd status=success
2026-07-02 21:12:53,039 INFO row_complete 27/1320 dataset=imdb_binary perturbation=edge_insertion alpha=0.7 seed=0 workflow=native_netlsd status=success
2026-07-02 21:12:53,043 INFO row_complete 28/1320 dataset=imdb_binary perturbation=edge_insertion alpha=0.7 seed=0 workflow=diversity_curves_shortest_path status=success
2026-07-02 21:12:53,659 INFO row_complete 29/1320 dataset=imdb_binary perturbation=edge_insertion alpha=0.4 seed=0 workflow=structural_statistics_mmd status=success
2026-07-02 21:12:53,662 INFO row_complete 30/1320 dataset=imdb_binary perturbation=edge_insertion alpha=0.4 seed=0 workflow=wl_subtree_kernel_mmd status=success
2026-07-02 21:12:53,665 INFO row_complete 31/1320 dataset=imdb_binary perturbation=edge_insertion alpha=0.4 seed=0 workflow=native_netlsd status=success
2026-07-02 21:12:53,679 INFO row_complete 32/1320 dataset=imdb_binary perturbation=edge_insertion alpha=0.4 seed=0 workflow=diversity_curves_shortest_path status=success
2026-07-02 21:12:54,383 INFO row_complete 33/1320 dataset=imdb_binary perturbation=edge_insertion alpha=0.6 seed=0 workflow=structural_statistics_mmd status=success
2026-07-02 21:12:54,398 INFO row_complete 34/1320 dataset=imdb_binary perturbation=edge_insertion alpha=0.6 seed=0 workflow=wl_subtree_kernel_mmd status=success
2026-07-02 21:12:54,407 INFO row_complete 35/1320 dataset=imdb_binary perturbation=edge_insertion alpha=0.6 seed=0 workflow=native_netlsd status=success
2026-07-02 21:12:54,411 INFO row_complete 36/1320 dataset=imdb_binary perturbation=edge_insertion alpha=0.6 seed=0 workflow=diversity_curves_shortest_path status=success
2026-07-02 21:13:11,651 INFO row_complete 37/1320 dataset=imdb_binary perturbation=edge_insertion alpha=1.0 seed=0 workflow=structural_statistics_mmd status=success
2026-07-02 21:13:11,659 INFO row_complete 38/1320 dataset=imdb_binary perturbation=edge_insertion alpha=1.0 seed=0 workflow=wl_subtree_kernel_mmd status=success
2026-07-02 21:13:11,663 INFO row_complete 39/1320 dataset=imdb_binary perturbation=edge_insertion alpha=1.0 seed=0 workflow=native_netlsd status=success
2026-07-02 21:13:11,675 INFO row_complete 40/1320 dataset=imdb_binary perturbation=edge_insertion alpha=1.0 seed=0 workflow=diversity_curves_shortest_path status=success
2026-07-02 21:13:17,947 INFO row_complete 17/1320 dataset=imdb_binary perturbation=edge_insertion alpha=0.6 seed=0 workflow=structural_statistics_mmd status=success
2026-07-02 21:13:17,971 INFO row_complete 18/1320 dataset=imdb_binary perturbation=edge_insertion alpha=0.6 seed=0 workflow=wl_subtree_kernel_mmd status=success
2026-07-02 21:13:17,983 INFO row_complete 19/1320 dataset=imdb_binary perturbation=edge_insertion alpha=0.6 seed=0 workflow=native_netlsd status=success
2026-07-02 21:13:17,991 INFO row_complete 20/1320 dataset=imdb_binary perturbation=edge_insertion alpha=0.6 seed=0 workflow=diversity_curves_shortest_path status=success
2026-07-02 21:13:19,927 INFO row_complete 41/1320 dataset=imdb_binary perturbation=edge_insertion alpha=0.9 seed=0 workflow=structural_statistics_mmd status=success
2026-07-02 21:13:19,933 INFO row_complete 42/1320 dataset=imdb_binary perturbation=edge_insertion alpha=0.9 seed=0 workflow=wl_subtree_kernel_mmd status=success
2026-07-02 21:13:19,939 INFO row_complete 43/1320 dataset=imdb_binary perturbation=edge_insertion alpha=0.9 seed=0 workflow=native_netlsd status=success
2026-07-02 21:13:19,947 INFO row_complete 44/1320 dataset=imdb_binary perturbation=edge_insertion alpha=0.9 seed=0 workflow=diversity_curves_shortest_path status=success
2026-07-02 21:13:21,114 INFO row_complete 21/1320 dataset=imdb_binary perturbation=edge_insertion alpha=0.3 seed=0 workflow=structural_statistics_mmd status=success
2026-07-02 21:13:21,123 INFO row_complete 22/1320 dataset=imdb_binary perturbation=edge_insertion alpha=0.3 seed=0 workflow=wl_subtree_kernel_mmd status=success
2026-07-02 21:13:21,127 INFO row_complete 23/1320 dataset=imdb_binary perturbation=edge_insertion alpha=0.3 seed=0 workflow=native_netlsd status=success
2026-07-02 21:13:21,139 INFO row_complete 24/1320 dataset=imdb_binary perturbation=edge_insertion alpha=0.3 seed=0 workflow=diversity_curves_shortest_path status=success
2026-07-02 21:13:22,107 INFO row_complete 45/1320 dataset=imdb_binary perturbation=edge_insertion alpha=0.8 seed=0 workflow=structural_statistics_mmd status=success
2026-07-02 21:13:22,118 INFO row_complete 46/1320 dataset=imdb_binary perturbation=edge_insertion alpha=0.8 seed=0 workflow=wl_subtree_kernel_mmd status=success
2026-07-02 21:13:22,127 INFO row_complete 47/1320 dataset=imdb_binary perturbation=edge_insertion alpha=0.8 seed=0 workflow=native_netlsd status=success
2026-07-02 21:13:22,135 INFO row_complete 48/1320 dataset=imdb_binary perturbation=edge_insertion alpha=0.8 seed=0 workflow=diversity_curves_shortest_path status=success
2026-07-02 21:13:46,557 INFO row_complete 25/1320 dataset=imdb_binary perturbation=edge_insertion alpha=0.4 seed=0 workflow=structural_statistics_mmd status=success
2026-07-02 21:13:46,575 INFO row_complete 26/1320 dataset=imdb_binary perturbation=edge_insertion alpha=0.4 seed=0 workflow=wl_subtree_kernel_mmd status=success
2026-07-02 21:13:46,579 INFO row_complete 27/1320 dataset=imdb_binary perturbation=edge_insertion alpha=0.4 seed=0 workflow=native_netlsd status=success
2026-07-02 21:13:46,587 INFO row_complete 28/1320 dataset=imdb_binary perturbation=edge_insertion alpha=0.4 seed=0 workflow=diversity_curves_shortest_path status=success
2026-07-02 21:13:47,631 INFO row_complete 29/1320 dataset=imdb_binary perturbation=edge_insertion alpha=0.9 seed=0 workflow=structural_statistics_mmd status=success
2026-07-02 21:13:47,639 INFO row_complete 30/1320 dataset=imdb_binary perturbation=edge_insertion alpha=0.9 seed=0 workflow=wl_subtree_kernel_mmd status=success
2026-07-02 21:13:47,647 INFO row_complete 31/1320 dataset=imdb_binary perturbation=edge_insertion alpha=0.9 seed=0 workflow=native_netlsd status=success
2026-07-02 21:13:47,663 INFO row_complete 32/1320 dataset=imdb_binary perturbation=edge_insertion alpha=0.9 seed=0 workflow=diversity_curves_shortest_path status=success
2026-07-02 21:14:05,011 INFO row_complete 33/1320 dataset=imdb_binary perturbation=edge_insertion alpha=0.7 seed=0 workflow=structural_statistics_mmd status=success
2026-07-02 21:14:05,021 INFO row_complete 34/1320 dataset=imdb_binary perturbation=edge_insertion alpha=0.7 seed=0 workflow=wl_subtree_kernel_mmd status=success
2026-07-02 21:14:05,030 INFO row_complete 35/1320 dataset=imdb_binary perturbation=edge_insertion alpha=0.7 seed=0 workflow=native_netlsd status=success
2026-07-02 21:14:05,041 INFO row_complete 36/1320 dataset=imdb_binary perturbation=edge_insertion alpha=0.7 seed=0 workflow=diversity_curves_shortest_path status=success
2026-07-02 21:14:09,884 INFO row_complete 37/1320 dataset=imdb_binary perturbation=edge_insertion alpha=0.5 seed=0 workflow=structural_statistics_mmd status=success
2026-07-02 21:14:09,895 INFO row_complete 38/1320 dataset=imdb_binary perturbation=edge_insertion alpha=0.5 seed=0 workflow=wl_subtree_kernel_mmd status=success
2026-07-02 21:14:09,903 INFO row_complete 39/1320 dataset=imdb_binary perturbation=edge_insertion alpha=0.5 seed=0 workflow=native_netlsd status=success
2026-07-02 21:14:09,913 INFO row_complete 40/1320 dataset=imdb_binary perturbation=edge_insertion alpha=0.5 seed=0 workflow=diversity_curves_shortest_path status=success
2026-07-02 21:14:11,814 INFO row_complete 41/1320 dataset=imdb_binary perturbation=edge_insertion alpha=0.8 seed=0 workflow=structural_statistics_mmd status=success
2026-07-02 21:14:11,827 INFO row_complete 42/1320 dataset=imdb_binary perturbation=edge_insertion alpha=0.8 seed=0 workflow=wl_subtree_kernel_mmd status=success
2026-07-02 21:14:11,830 INFO row_complete 43/1320 dataset=imdb_binary perturbation=edge_insertion alpha=0.8 seed=0 workflow=native_netlsd status=success
2026-07-02 21:14:11,834 INFO row_complete 44/1320 dataset=imdb_binary perturbation=edge_insertion alpha=0.8 seed=0 workflow=diversity_curves_shortest_path status=success
2026-07-02 21:14:22,791 INFO row_complete 45/1320 dataset=imdb_binary perturbation=edge_insertion alpha=1.0 seed=0 workflow=structural_statistics_mmd status=success
2026-07-02 21:14:22,800 INFO row_complete 46/1320 dataset=imdb_binary perturbation=edge_insertion alpha=1.0 seed=0 workflow=wl_subtree_kernel_mmd status=success
2026-07-02 21:14:22,811 INFO row_complete 47/1320 dataset=imdb_binary perturbation=edge_insertion alpha=1.0 seed=0 workflow=native_netlsd status=success
2026-07-02 21:14:22,818 INFO row_complete 48/1320 dataset=imdb_binary perturbation=edge_insertion alpha=1.0 seed=0 workflow=diversity_curves_shortest_path status=success
2026-07-02 21:19:50,347 INFO row_complete 49/1320 dataset=imdb_binary perturbation=edge_deletion alpha=1.0 seed=0 workflow=structural_statistics_mmd status=success
2026-07-02 21:19:50,350 INFO row_complete 50/1320 dataset=imdb_binary perturbation=edge_deletion alpha=1.0 seed=0 workflow=wl_subtree_kernel_mmd status=success
2026-07-02 21:19:50,359 INFO row_complete 51/1320 dataset=imdb_binary perturbation=edge_deletion alpha=1.0 seed=0 workflow=native_netlsd status=success
2026-07-02 21:19:50,367 INFO row_complete 52/1320 dataset=imdb_binary perturbation=edge_deletion alpha=1.0 seed=0 workflow=diversity_curves_shortest_path status=success
2026-07-02 21:20:21,787 INFO row_complete 53/1320 dataset=imdb_binary perturbation=edge_deletion alpha=0.9 seed=0 workflow=structural_statistics_mmd status=success
2026-07-02 21:20:21,790 INFO row_complete 54/1320 dataset=imdb_binary perturbation=edge_deletion alpha=0.9 seed=0 workflow=wl_subtree_kernel_mmd status=success
2026-07-02 21:20:21,795 INFO row_complete 55/1320 dataset=imdb_binary perturbation=edge_deletion alpha=0.9 seed=0 workflow=native_netlsd status=success
2026-07-02 21:20:21,811 INFO row_complete 56/1320 dataset=imdb_binary perturbation=edge_deletion alpha=0.9 seed=0 workflow=diversity_curves_shortest_path status=success
2026-07-02 21:20:43,947 INFO row_complete 49/1320 dataset=imdb_binary perturbation=edge_deletion alpha=1.0 seed=0 workflow=structural_statistics_mmd status=success
2026-07-02 21:20:43,951 INFO row_complete 50/1320 dataset=imdb_binary perturbation=edge_deletion alpha=1.0 seed=0 workflow=wl_subtree_kernel_mmd status=success
2026-07-02 21:20:43,959 INFO row_complete 51/1320 dataset=imdb_binary perturbation=edge_deletion alpha=1.0 seed=0 workflow=native_netlsd status=success
2026-07-02 21:20:43,965 INFO row_complete 52/1320 dataset=imdb_binary perturbation=edge_deletion alpha=1.0 seed=0 workflow=diversity_curves_shortest_path status=success
2026-07-02 21:21:13,275 INFO row_complete 53/1320 dataset=imdb_binary perturbation=edge_deletion alpha=0.9 seed=0 workflow=structural_statistics_mmd status=success
2026-07-02 21:21:13,283 INFO row_complete 54/1320 dataset=imdb_binary perturbation=edge_deletion alpha=0.9 seed=0 workflow=wl_subtree_kernel_mmd status=success
2026-07-02 21:21:13,286 INFO row_complete 55/1320 dataset=imdb_binary perturbation=edge_deletion alpha=0.9 seed=0 workflow=native_netlsd status=success
2026-07-02 21:21:13,290 INFO row_complete 56/1320 dataset=imdb_binary perturbation=edge_deletion alpha=0.9 seed=0 workflow=diversity_curves_shortest_path status=success
2026-07-02 21:21:32,875 INFO row_complete 57/1320 dataset=imdb_binary perturbation=edge_deletion alpha=0.8 seed=0 workflow=structural_statistics_mmd status=success
2026-07-02 21:21:32,878 INFO row_complete 58/1320 dataset=imdb_binary perturbation=edge_deletion alpha=0.8 seed=0 workflow=wl_subtree_kernel_mmd status=success
2026-07-02 21:21:32,887 INFO row_complete 59/1320 dataset=imdb_binary perturbation=edge_deletion alpha=0.8 seed=0 workflow=native_netlsd status=success
2026-07-02 21:21:32,895 INFO row_complete 60/1320 dataset=imdb_binary perturbation=edge_deletion alpha=0.8 seed=0 workflow=diversity_curves_shortest_path status=success
2026-07-02 21:22:07,163 INFO row_complete 57/1320 dataset=imdb_binary perturbation=edge_deletion alpha=0.8 seed=0 workflow=structural_statistics_mmd status=success
2026-07-02 21:22:07,172 INFO row_complete 58/1320 dataset=imdb_binary perturbation=edge_deletion alpha=0.8 seed=0 workflow=wl_subtree_kernel_mmd status=success
2026-07-02 21:22:07,182 INFO row_complete 59/1320 dataset=imdb_binary perturbation=edge_deletion alpha=0.8 seed=0 workflow=native_netlsd status=success
2026-07-02 21:22:07,191 INFO row_complete 60/1320 dataset=imdb_binary perturbation=edge_deletion alpha=0.8 seed=0 workflow=diversity_curves_shortest_path status=success
2026-07-02 21:22:58,839 INFO row_complete 61/1320 dataset=imdb_binary perturbation=edge_deletion alpha=0.7 seed=0 workflow=structural_statistics_mmd status=success
2026-07-02 21:22:58,843 INFO row_complete 62/1320 dataset=imdb_binary perturbation=edge_deletion alpha=0.7 seed=0 workflow=wl_subtree_kernel_mmd status=success
2026-07-02 21:22:58,851 INFO row_complete 63/1320 dataset=imdb_binary perturbation=edge_deletion alpha=0.7 seed=0 workflow=native_netlsd status=success
2026-07-02 21:22:58,859 INFO row_complete 64/1320 dataset=imdb_binary perturbation=edge_deletion alpha=0.7 seed=0 workflow=diversity_curves_shortest_path status=success
2026-07-02 21:23:08,752 INFO row_complete 65/1320 dataset=imdb_binary perturbation=edge_deletion alpha=0.6 seed=0 workflow=structural_statistics_mmd status=success
2026-07-02 21:23:08,755 INFO row_complete 66/1320 dataset=imdb_binary perturbation=edge_deletion alpha=0.6 seed=0 workflow=wl_subtree_kernel_mmd status=success
2026-07-02 21:23:08,764 INFO row_complete 67/1320 dataset=imdb_binary perturbation=edge_deletion alpha=0.6 seed=0 workflow=native_netlsd status=success
2026-07-02 21:23:08,779 INFO row_complete 68/1320 dataset=imdb_binary perturbation=edge_deletion alpha=0.6 seed=0 workflow=diversity_curves_shortest_path status=success
2026-07-02 21:23:18,459 INFO row_complete 61/1320 dataset=imdb_binary perturbation=edge_deletion alpha=0.7 seed=0 workflow=structural_statistics_mmd status=success
2026-07-02 21:23:18,462 INFO row_complete 62/1320 dataset=imdb_binary perturbation=edge_deletion alpha=0.7 seed=0 workflow=wl_subtree_kernel_mmd status=success
2026-07-02 21:23:18,471 INFO row_complete 63/1320 dataset=imdb_binary perturbation=edge_deletion alpha=0.7 seed=0 workflow=native_netlsd status=success
2026-07-02 21:23:18,476 INFO row_complete 64/1320 dataset=imdb_binary perturbation=edge_deletion alpha=0.7 seed=0 workflow=diversity_curves_shortest_path status=success
2026-07-02 21:23:31,035 INFO row_complete 69/1320 dataset=imdb_binary perturbation=edge_deletion alpha=0.1 seed=0 workflow=structural_statistics_mmd status=success
2026-07-02 21:23:31,043 INFO row_complete 70/1320 dataset=imdb_binary perturbation=edge_deletion alpha=0.1 seed=0 workflow=wl_subtree_kernel_mmd status=success
2026-07-02 21:23:31,055 INFO row_complete 71/1320 dataset=imdb_binary perturbation=edge_deletion alpha=0.1 seed=0 workflow=native_netlsd status=success
2026-07-02 21:23:31,059 INFO row_complete 72/1320 dataset=imdb_binary perturbation=edge_deletion alpha=0.1 seed=0 workflow=diversity_curves_shortest_path status=success
2026-07-02 21:23:38,639 INFO row_complete 73/1320 dataset=imdb_binary perturbation=edge_deletion alpha=0.2 seed=0 workflow=structural_statistics_mmd status=success
2026-07-02 21:23:38,642 INFO row_complete 74/1320 dataset=imdb_binary perturbation=edge_deletion alpha=0.2 seed=0 workflow=wl_subtree_kernel_mmd status=success
2026-07-02 21:23:38,647 INFO row_complete 75/1320 dataset=imdb_binary perturbation=edge_deletion alpha=0.2 seed=0 workflow=native_netlsd status=success
2026-07-02 21:23:38,655 INFO row_complete 76/1320 dataset=imdb_binary perturbation=edge_deletion alpha=0.2 seed=0 workflow=diversity_curves_shortest_path status=success
2026-07-02 21:23:47,267 INFO row_complete 77/1320 dataset=imdb_binary perturbation=edge_deletion alpha=0.5 seed=0 workflow=structural_statistics_mmd status=success
2026-07-02 21:23:47,279 INFO row_complete 78/1320 dataset=imdb_binary perturbation=edge_deletion alpha=0.5 seed=0 workflow=wl_subtree_kernel_mmd status=success
2026-07-02 21:23:47,288 INFO row_complete 79/1320 dataset=imdb_binary perturbation=edge_deletion alpha=0.5 seed=0 workflow=native_netlsd status=success
2026-07-02 21:23:47,295 INFO row_complete 80/1320 dataset=imdb_binary perturbation=edge_deletion alpha=0.5 seed=0 workflow=diversity_curves_shortest_path status=success
2026-07-02 21:23:57,119 INFO row_complete 81/1320 dataset=imdb_binary perturbation=edge_deletion alpha=0.4 seed=0 workflow=structural_statistics_mmd status=success
2026-07-02 21:23:57,127 INFO row_complete 82/1320 dataset=imdb_binary perturbation=edge_deletion alpha=0.4 seed=0 workflow=wl_subtree_kernel_mmd status=success
2026-07-02 21:23:57,135 INFO row_complete 83/1320 dataset=imdb_binary perturbation=edge_deletion alpha=0.4 seed=0 workflow=native_netlsd status=success
2026-07-02 21:23:57,147 INFO row_complete 84/1320 dataset=imdb_binary perturbation=edge_deletion alpha=0.4 seed=0 workflow=diversity_curves_shortest_path status=success
2026-07-02 21:24:08,123 INFO row_complete 65/1320 dataset=imdb_binary perturbation=edge_deletion alpha=0.4 seed=0 workflow=structural_statistics_mmd status=success
2026-07-02 21:24:08,131 INFO row_complete 66/1320 dataset=imdb_binary perturbation=edge_deletion alpha=0.4 seed=0 workflow=wl_subtree_kernel_mmd status=success
2026-07-02 21:24:08,135 INFO row_complete 67/1320 dataset=imdb_binary perturbation=edge_deletion alpha=0.4 seed=0 workflow=native_netlsd status=success
2026-07-02 21:24:08,139 INFO row_complete 68/1320 dataset=imdb_binary perturbation=edge_deletion alpha=0.4 seed=0 workflow=diversity_curves_shortest_path status=success
2026-07-02 21:24:10,762 INFO row_complete 69/1320 dataset=imdb_binary perturbation=edge_deletion alpha=0.6 seed=0 workflow=structural_statistics_mmd status=success
2026-07-02 21:24:10,767 INFO row_complete 70/1320 dataset=imdb_binary perturbation=edge_deletion alpha=0.6 seed=0 workflow=wl_subtree_kernel_mmd status=success
2026-07-02 21:24:10,779 INFO row_complete 71/1320 dataset=imdb_binary perturbation=edge_deletion alpha=0.6 seed=0 workflow=native_netlsd status=success
2026-07-02 21:24:10,787 INFO row_complete 72/1320 dataset=imdb_binary perturbation=edge_deletion alpha=0.6 seed=0 workflow=diversity_curves_shortest_path status=success
2026-07-02 21:24:25,527 INFO row_complete 73/1320 dataset=imdb_binary perturbation=edge_deletion alpha=0.5 seed=0 workflow=structural_statistics_mmd status=success
2026-07-02 21:24:25,530 INFO row_complete 74/1320 dataset=imdb_binary perturbation=edge_deletion alpha=0.5 seed=0 workflow=wl_subtree_kernel_mmd status=success
2026-07-02 21:24:25,532 INFO row_complete 75/1320 dataset=imdb_binary perturbation=edge_deletion alpha=0.5 seed=0 workflow=native_netlsd status=success
2026-07-02 21:24:25,543 INFO row_complete 76/1320 dataset=imdb_binary perturbation=edge_deletion alpha=0.5 seed=0 workflow=diversity_curves_shortest_path status=success
2026-07-02 21:24:29,791 INFO row_complete 85/1320 dataset=imdb_binary perturbation=edge_deletion alpha=0.3 seed=0 workflow=structural_statistics_mmd status=success
2026-07-02 21:24:29,794 INFO row_complete 86/1320 dataset=imdb_binary perturbation=edge_deletion alpha=0.3 seed=0 workflow=wl_subtree_kernel_mmd status=success
2026-07-02 21:24:29,811 INFO row_complete 87/1320 dataset=imdb_binary perturbation=edge_deletion alpha=0.3 seed=0 workflow=native_netlsd status=success
2026-07-02 21:24:29,815 INFO row_complete 88/1320 dataset=imdb_binary perturbation=edge_deletion alpha=0.3 seed=0 workflow=diversity_curves_shortest_path status=success
2026-07-02 21:24:33,395 INFO row_complete 77/1320 dataset=imdb_binary perturbation=edge_deletion alpha=0.2 seed=0 workflow=structural_statistics_mmd status=success
2026-07-02 21:24:33,403 INFO row_complete 78/1320 dataset=imdb_binary perturbation=edge_deletion alpha=0.2 seed=0 workflow=wl_subtree_kernel_mmd status=success
2026-07-02 21:24:33,411 INFO row_complete 79/1320 dataset=imdb_binary perturbation=edge_deletion alpha=0.2 seed=0 workflow=native_netlsd status=success
2026-07-02 21:24:33,414 INFO row_complete 80/1320 dataset=imdb_binary perturbation=edge_deletion alpha=0.2 seed=0 workflow=diversity_curves_shortest_path status=success
2026-07-02 21:24:34,487 INFO row_complete 81/1320 dataset=imdb_binary perturbation=edge_deletion alpha=0.1 seed=0 workflow=structural_statistics_mmd status=success
2026-07-02 21:24:34,495 INFO row_complete 82/1320 dataset=imdb_binary perturbation=edge_deletion alpha=0.1 seed=0 workflow=wl_subtree_kernel_mmd status=success
2026-07-02 21:24:34,499 INFO row_complete 83/1320 dataset=imdb_binary perturbation=edge_deletion alpha=0.1 seed=0 workflow=native_netlsd status=success
2026-07-02 21:24:34,503 INFO row_complete 84/1320 dataset=imdb_binary perturbation=edge_deletion alpha=0.1 seed=0 workflow=diversity_curves_shortest_path status=success
2026-07-02 21:24:34,654 INFO row_complete 85/1320 dataset=imdb_binary perturbation=edge_deletion alpha=0.3 seed=0 workflow=structural_statistics_mmd status=success
2026-07-02 21:24:34,663 INFO row_complete 86/1320 dataset=imdb_binary perturbation=edge_deletion alpha=0.3 seed=0 workflow=wl_subtree_kernel_mmd status=success
2026-07-02 21:24:34,671 INFO row_complete 87/1320 dataset=imdb_binary perturbation=edge_deletion alpha=0.3 seed=0 workflow=native_netlsd status=success
2026-07-02 21:24:34,681 INFO row_complete 88/1320 dataset=imdb_binary perturbation=edge_deletion alpha=0.3 seed=0 workflow=diversity_curves_shortest_path status=success
2026-07-02 21:25:09,075 INFO row_complete 89/1320 dataset=imdb_binary perturbation=triangle_insertion alpha=0.0 seed=0 workflow=structural_statistics_mmd status=success
2026-07-02 21:25:09,083 INFO row_complete 90/1320 dataset=imdb_binary perturbation=triangle_insertion alpha=0.0 seed=0 workflow=wl_subtree_kernel_mmd status=success
2026-07-02 21:25:09,086 INFO row_complete 91/1320 dataset=imdb_binary perturbation=triangle_insertion alpha=0.0 seed=0 workflow=native_netlsd status=success
2026-07-02 21:25:09,089 INFO row_complete 92/1320 dataset=imdb_binary perturbation=triangle_insertion alpha=0.0 seed=0 workflow=diversity_curves_shortest_path status=success
2026-07-02 21:25:16,133 INFO row_complete 93/1320 dataset=imdb_binary perturbation=triangle_insertion alpha=0.1 seed=0 workflow=structural_statistics_mmd status=success
2026-07-02 21:25:16,136 INFO row_complete 94/1320 dataset=imdb_binary perturbation=triangle_insertion alpha=0.1 seed=0 workflow=wl_subtree_kernel_mmd status=success
2026-07-02 21:25:16,143 INFO row_complete 95/1320 dataset=imdb_binary perturbation=triangle_insertion alpha=0.1 seed=0 workflow=native_netlsd status=success
2026-07-02 21:25:16,151 INFO row_complete 96/1320 dataset=imdb_binary perturbation=triangle_insertion alpha=0.1 seed=0 workflow=diversity_curves_shortest_path status=success
2026-07-02 21:25:57,843 INFO row_complete 89/1320 dataset=imdb_binary perturbation=triangle_insertion alpha=0.0 seed=0 workflow=structural_statistics_mmd status=success
2026-07-02 21:25:57,851 INFO row_complete 90/1320 dataset=imdb_binary perturbation=triangle_insertion alpha=0.0 seed=0 workflow=wl_subtree_kernel_mmd status=success
2026-07-02 21:25:57,859 INFO row_complete 91/1320 dataset=imdb_binary perturbation=triangle_insertion alpha=0.0 seed=0 workflow=native_netlsd status=success
2026-07-02 21:25:57,862 INFO row_complete 92/1320 dataset=imdb_binary perturbation=triangle_insertion alpha=0.0 seed=0 workflow=diversity_curves_shortest_path status=success
2026-07-02 21:26:20,583 INFO row_complete 93/1320 dataset=imdb_binary perturbation=triangle_insertion alpha=0.1 seed=0 workflow=structural_statistics_mmd status=success
2026-07-02 21:26:20,589 INFO row_complete 94/1320 dataset=imdb_binary perturbation=triangle_insertion alpha=0.1 seed=0 workflow=wl_subtree_kernel_mmd status=success
2026-07-02 21:26:20,603 INFO row_complete 95/1320 dataset=imdb_binary perturbation=triangle_insertion alpha=0.1 seed=0 workflow=native_netlsd status=success
2026-07-02 21:26:20,608 INFO row_complete 96/1320 dataset=imdb_binary perturbation=triangle_insertion alpha=0.1 seed=0 workflow=diversity_curves_shortest_path status=success
2026-07-02 21:31:30,783 INFO row_complete 97/1320 dataset=imdb_binary perturbation=triangle_insertion alpha=0.2 seed=0 workflow=structural_statistics_mmd status=success
2026-07-02 21:31:30,791 INFO row_complete 98/1320 dataset=imdb_binary perturbation=triangle_insertion alpha=0.2 seed=0 workflow=wl_subtree_kernel_mmd status=success
2026-07-02 21:31:30,807 INFO row_complete 99/1320 dataset=imdb_binary perturbation=triangle_insertion alpha=0.2 seed=0 workflow=native_netlsd status=success
2026-07-02 21:31:30,810 INFO row_complete 100/1320 dataset=imdb_binary perturbation=triangle_insertion alpha=0.2 seed=0 workflow=diversity_curves_shortest_path status=success
2026-07-02 21:32:40,143 INFO row_complete 97/1320 dataset=imdb_binary perturbation=triangle_insertion alpha=0.2 seed=0 workflow=structural_statistics_mmd status=success
2026-07-02 21:32:40,147 INFO row_complete 98/1320 dataset=imdb_binary perturbation=triangle_insertion alpha=0.2 seed=0 workflow=wl_subtree_kernel_mmd status=success
2026-07-02 21:32:40,157 INFO row_complete 99/1320 dataset=imdb_binary perturbation=triangle_insertion alpha=0.2 seed=0 workflow=native_netlsd status=success
2026-07-02 21:32:40,167 INFO row_complete 100/1320 dataset=imdb_binary perturbation=triangle_insertion alpha=0.2 seed=0 workflow=diversity_curves_shortest_path status=success
2026-07-02 21:32:44,356 INFO row_complete 101/1320 dataset=imdb_binary perturbation=triangle_insertion alpha=0.3 seed=0 workflow=structural_statistics_mmd status=success
2026-07-02 21:32:44,367 INFO row_complete 102/1320 dataset=imdb_binary perturbation=triangle_insertion alpha=0.3 seed=0 workflow=wl_subtree_kernel_mmd status=success
2026-07-02 21:32:44,370 INFO row_complete 103/1320 dataset=imdb_binary perturbation=triangle_insertion alpha=0.3 seed=0 workflow=native_netlsd status=success
2026-07-02 21:32:44,383 INFO row_complete 104/1320 dataset=imdb_binary perturbation=triangle_insertion alpha=0.3 seed=0 workflow=diversity_curves_shortest_path status=success
2026-07-02 21:33:40,062 INFO row_complete 101/1320 dataset=imdb_binary perturbation=triangle_insertion alpha=0.3 seed=0 workflow=structural_statistics_mmd status=success
2026-07-02 21:33:40,071 INFO row_complete 102/1320 dataset=imdb_binary perturbation=triangle_insertion alpha=0.3 seed=0 workflow=wl_subtree_kernel_mmd status=success
2026-07-02 21:33:40,079 INFO row_complete 103/1320 dataset=imdb_binary perturbation=triangle_insertion alpha=0.3 seed=0 workflow=native_netlsd status=success
2026-07-02 21:33:40,087 INFO row_complete 104/1320 dataset=imdb_binary perturbation=triangle_insertion alpha=0.3 seed=0 workflow=diversity_curves_shortest_path status=success
2026-07-02 21:33:51,603 INFO row_complete 105/1320 dataset=imdb_binary perturbation=triangle_insertion alpha=0.4 seed=0 workflow=structural_statistics_mmd status=success
2026-07-02 21:33:51,607 INFO row_complete 106/1320 dataset=imdb_binary perturbation=triangle_insertion alpha=0.4 seed=0 workflow=wl_subtree_kernel_mmd status=success
2026-07-02 21:33:51,619 INFO row_complete 107/1320 dataset=imdb_binary perturbation=triangle_insertion alpha=0.4 seed=0 workflow=native_netlsd status=success
2026-07-02 21:33:51,622 INFO row_complete 108/1320 dataset=imdb_binary perturbation=triangle_insertion alpha=0.4 seed=0 workflow=diversity_curves_shortest_path status=success
2026-07-02 21:34:14,251 INFO row_complete 105/1320 dataset=imdb_binary perturbation=triangle_insertion alpha=0.4 seed=0 workflow=structural_statistics_mmd status=success
2026-07-02 21:34:14,259 INFO row_complete 106/1320 dataset=imdb_binary perturbation=triangle_insertion alpha=0.4 seed=0 workflow=wl_subtree_kernel_mmd status=success
2026-07-02 21:34:14,262 INFO row_complete 107/1320 dataset=imdb_binary perturbation=triangle_insertion alpha=0.4 seed=0 workflow=native_netlsd status=success
2026-07-02 21:34:14,271 INFO row_complete 108/1320 dataset=imdb_binary perturbation=triangle_insertion alpha=0.4 seed=0 workflow=diversity_curves_shortest_path status=success
2026-07-02 21:35:28,492 INFO row_complete 109/1320 dataset=imdb_binary perturbation=triangle_insertion alpha=0.5 seed=0 workflow=structural_statistics_mmd status=success
2026-07-02 21:35:28,503 INFO row_complete 110/1320 dataset=imdb_binary perturbation=triangle_insertion alpha=0.5 seed=0 workflow=wl_subtree_kernel_mmd status=success
2026-07-02 21:35:28,507 INFO row_complete 111/1320 dataset=imdb_binary perturbation=triangle_insertion alpha=0.5 seed=0 workflow=native_netlsd status=success
2026-07-02 21:35:28,510 INFO row_complete 112/1320 dataset=imdb_binary perturbation=triangle_insertion alpha=0.5 seed=0 workflow=diversity_curves_shortest_path status=success
2026-07-02 21:36:00,679 INFO row_complete 113/1320 dataset=imdb_binary perturbation=triangle_insertion alpha=0.6 seed=0 workflow=structural_statistics_mmd status=success
2026-07-02 21:36:00,686 INFO row_complete 114/1320 dataset=imdb_binary perturbation=triangle_insertion alpha=0.6 seed=0 workflow=wl_subtree_kernel_mmd status=success
2026-07-02 21:36:00,695 INFO row_complete 115/1320 dataset=imdb_binary perturbation=triangle_insertion alpha=0.6 seed=0 workflow=native_netlsd status=success
2026-07-02 21:36:00,698 INFO row_complete 116/1320 dataset=imdb_binary perturbation=triangle_insertion alpha=0.6 seed=0 workflow=diversity_curves_shortest_path status=success
2026-07-02 21:36:11,046 INFO row_complete 109/1320 dataset=imdb_binary perturbation=triangle_deletion alpha=0.0 seed=0 workflow=structural_statistics_mmd status=success
2026-07-02 21:36:11,060 INFO row_complete 110/1320 dataset=imdb_binary perturbation=triangle_deletion alpha=0.0 seed=0 workflow=wl_subtree_kernel_mmd status=success
2026-07-02 21:36:11,063 INFO row_complete 111/1320 dataset=imdb_binary perturbation=triangle_deletion alpha=0.0 seed=0 workflow=native_netlsd status=success
2026-07-02 21:36:11,067 INFO row_complete 112/1320 dataset=imdb_binary perturbation=triangle_deletion alpha=0.0 seed=0 workflow=diversity_curves_shortest_path status=success
2026-07-02 21:36:15,511 INFO row_complete 117/1320 dataset=imdb_binary perturbation=triangle_deletion alpha=0.0 seed=0 workflow=structural_statistics_mmd status=success
2026-07-02 21:36:15,515 INFO row_complete 118/1320 dataset=imdb_binary perturbation=triangle_deletion alpha=0.0 seed=0 workflow=wl_subtree_kernel_mmd status=success
2026-07-02 21:36:15,530 INFO row_complete 119/1320 dataset=imdb_binary perturbation=triangle_deletion alpha=0.0 seed=0 workflow=native_netlsd status=success
2026-07-02 21:36:15,547 INFO row_complete 120/1320 dataset=imdb_binary perturbation=triangle_deletion alpha=0.0 seed=0 workflow=diversity_curves_shortest_path status=success
2026-07-02 21:36:22,219 INFO row_complete 113/1320 dataset=imdb_binary perturbation=triangle_insertion alpha=0.5 seed=0 workflow=structural_statistics_mmd status=success
2026-07-02 21:36:22,231 INFO row_complete 114/1320 dataset=imdb_binary perturbation=triangle_insertion alpha=0.5 seed=0 workflow=wl_subtree_kernel_mmd status=success
2026-07-02 21:36:22,235 INFO row_complete 115/1320 dataset=imdb_binary perturbation=triangle_insertion alpha=0.5 seed=0 workflow=native_netlsd status=success
2026-07-02 21:36:22,239 INFO row_complete 116/1320 dataset=imdb_binary perturbation=triangle_insertion alpha=0.5 seed=0 workflow=diversity_curves_shortest_path status=success
2026-07-02 21:36:30,332 INFO row_complete 121/1320 dataset=imdb_binary perturbation=triangle_insertion alpha=0.8 seed=0 workflow=structural_statistics_mmd status=success
2026-07-02 21:36:30,335 INFO row_complete 122/1320 dataset=imdb_binary perturbation=triangle_insertion alpha=0.8 seed=0 workflow=wl_subtree_kernel_mmd status=success
2026-07-02 21:36:30,348 INFO row_complete 123/1320 dataset=imdb_binary perturbation=triangle_insertion alpha=0.8 seed=0 workflow=native_netlsd status=success
2026-07-02 21:36:30,355 INFO row_complete 124/1320 dataset=imdb_binary perturbation=triangle_insertion alpha=0.8 seed=0 workflow=diversity_curves_shortest_path status=success
2026-07-02 21:36:37,868 INFO row_complete 117/1320 dataset=imdb_binary perturbation=triangle_insertion alpha=0.6 seed=0 workflow=structural_statistics_mmd status=success
2026-07-02 21:36:37,875 INFO row_complete 118/1320 dataset=imdb_binary perturbation=triangle_insertion alpha=0.6 seed=0 workflow=wl_subtree_kernel_mmd status=success
2026-07-02 21:36:37,884 INFO row_complete 119/1320 dataset=imdb_binary perturbation=triangle_insertion alpha=0.6 seed=0 workflow=native_netlsd status=success
2026-07-02 21:36:37,891 INFO row_complete 120/1320 dataset=imdb_binary perturbation=triangle_insertion alpha=0.6 seed=0 workflow=diversity_curves_shortest_path status=success
2026-07-02 21:36:43,230 INFO row_complete 125/1320 dataset=imdb_binary perturbation=triangle_deletion alpha=0.2 seed=0 workflow=structural_statistics_mmd status=success
2026-07-02 21:36:43,239 INFO row_complete 126/1320 dataset=imdb_binary perturbation=triangle_deletion alpha=0.2 seed=0 workflow=wl_subtree_kernel_mmd status=success
2026-07-02 21:36:43,255 INFO row_complete 127/1320 dataset=imdb_binary perturbation=triangle_deletion alpha=0.2 seed=0 workflow=native_netlsd status=success
2026-07-02 21:36:43,258 INFO row_complete 128/1320 dataset=imdb_binary perturbation=triangle_deletion alpha=0.2 seed=0 workflow=diversity_curves_shortest_path status=success
2026-07-02 21:36:43,359 INFO row_complete 129/1320 dataset=imdb_binary perturbation=triangle_insertion alpha=0.7 seed=0 workflow=structural_statistics_mmd status=success
2026-07-02 21:36:43,362 INFO row_complete 130/1320 dataset=imdb_binary perturbation=triangle_insertion alpha=0.7 seed=0 workflow=wl_subtree_kernel_mmd status=success
2026-07-02 21:36:43,371 INFO row_complete 131/1320 dataset=imdb_binary perturbation=triangle_insertion alpha=0.7 seed=0 workflow=native_netlsd status=success
2026-07-02 21:36:43,374 INFO row_complete 132/1320 dataset=imdb_binary perturbation=triangle_insertion alpha=0.7 seed=0 workflow=diversity_curves_shortest_path status=success
2026-07-02 21:36:45,191 INFO row_complete 133/1320 dataset=imdb_binary perturbation=triangle_deletion alpha=0.1 seed=0 workflow=structural_statistics_mmd status=success
2026-07-02 21:36:45,198 INFO row_complete 134/1320 dataset=imdb_binary perturbation=triangle_deletion alpha=0.1 seed=0 workflow=wl_subtree_kernel_mmd status=success
2026-07-02 21:36:45,202 INFO row_complete 135/1320 dataset=imdb_binary perturbation=triangle_deletion alpha=0.1 seed=0 workflow=native_netlsd status=success
2026-07-02 21:36:45,213 INFO row_complete 136/1320 dataset=imdb_binary perturbation=triangle_deletion alpha=0.1 seed=0 workflow=diversity_curves_shortest_path status=success
2026-07-02 21:36:46,879 INFO row_complete 121/1320 dataset=imdb_binary perturbation=triangle_insertion alpha=0.7 seed=0 workflow=structural_statistics_mmd status=success
2026-07-02 21:36:46,888 INFO row_complete 122/1320 dataset=imdb_binary perturbation=triangle_insertion alpha=0.7 seed=0 workflow=wl_subtree_kernel_mmd status=success
2026-07-02 21:36:46,894 INFO row_complete 123/1320 dataset=imdb_binary perturbation=triangle_insertion alpha=0.7 seed=0 workflow=native_netlsd status=success
2026-07-02 21:36:46,904 INFO row_complete 124/1320 dataset=imdb_binary perturbation=triangle_insertion alpha=0.7 seed=0 workflow=diversity_curves_shortest_path status=success
2026-07-02 21:36:55,151 INFO row_complete 137/1320 dataset=imdb_binary perturbation=triangle_insertion alpha=1.0 seed=0 workflow=structural_statistics_mmd status=success
2026-07-02 21:36:55,159 INFO row_complete 138/1320 dataset=imdb_binary perturbation=triangle_insertion alpha=1.0 seed=0 workflow=wl_subtree_kernel_mmd status=success
2026-07-02 21:36:55,167 INFO row_complete 139/1320 dataset=imdb_binary perturbation=triangle_insertion alpha=1.0 seed=0 workflow=native_netlsd status=success
2026-07-02 21:36:55,175 INFO row_complete 140/1320 dataset=imdb_binary perturbation=triangle_insertion alpha=1.0 seed=0 workflow=diversity_curves_shortest_path status=success
2026-07-02 21:37:19,699 INFO row_complete 141/1320 dataset=imdb_binary perturbation=triangle_insertion alpha=0.9 seed=0 workflow=structural_statistics_mmd status=success
2026-07-02 21:37:19,703 INFO row_complete 142/1320 dataset=imdb_binary perturbation=triangle_insertion alpha=0.9 seed=0 workflow=wl_subtree_kernel_mmd status=success
2026-07-02 21:37:19,715 INFO row_complete 143/1320 dataset=imdb_binary perturbation=triangle_insertion alpha=0.9 seed=0 workflow=native_netlsd status=success
2026-07-02 21:37:19,725 INFO row_complete 144/1320 dataset=imdb_binary perturbation=triangle_insertion alpha=0.9 seed=0 workflow=diversity_curves_shortest_path status=success
2026-07-02 21:37:21,380 INFO row_complete 125/1320 dataset=imdb_binary perturbation=triangle_deletion alpha=0.1 seed=0 workflow=structural_statistics_mmd status=success
2026-07-02 21:37:21,383 INFO row_complete 126/1320 dataset=imdb_binary perturbation=triangle_deletion alpha=0.1 seed=0 workflow=wl_subtree_kernel_mmd status=success
2026-07-02 21:37:21,391 INFO row_complete 127/1320 dataset=imdb_binary perturbation=triangle_deletion alpha=0.1 seed=0 workflow=native_netlsd status=success
2026-07-02 21:37:21,396 INFO row_complete 128/1320 dataset=imdb_binary perturbation=triangle_deletion alpha=0.1 seed=0 workflow=diversity_curves_shortest_path status=success
2026-07-02 21:37:33,551 INFO row_complete 129/1320 dataset=imdb_binary perturbation=triangle_insertion alpha=0.9 seed=0 workflow=structural_statistics_mmd status=success
2026-07-02 21:37:33,559 INFO row_complete 130/1320 dataset=imdb_binary perturbation=triangle_insertion alpha=0.9 seed=0 workflow=wl_subtree_kernel_mmd status=success
2026-07-02 21:37:33,567 INFO row_complete 131/1320 dataset=imdb_binary perturbation=triangle_insertion alpha=0.9 seed=0 workflow=native_netlsd status=success
2026-07-02 21:37:33,575 INFO row_complete 132/1320 dataset=imdb_binary perturbation=triangle_insertion alpha=0.9 seed=0 workflow=diversity_curves_shortest_path status=success
2026-07-02 21:37:36,183 INFO row_complete 133/1320 dataset=imdb_binary perturbation=triangle_insertion alpha=0.8 seed=0 workflow=structural_statistics_mmd status=success
2026-07-02 21:37:36,191 INFO row_complete 134/1320 dataset=imdb_binary perturbation=triangle_insertion alpha=0.8 seed=0 workflow=wl_subtree_kernel_mmd status=success
2026-07-02 21:37:36,199 INFO row_complete 135/1320 dataset=imdb_binary perturbation=triangle_insertion alpha=0.8 seed=0 workflow=native_netlsd status=success
2026-07-02 21:37:36,203 INFO row_complete 136/1320 dataset=imdb_binary perturbation=triangle_insertion alpha=0.8 seed=0 workflow=diversity_curves_shortest_path status=success
2026-07-02 21:37:39,466 INFO row_complete 137/1320 dataset=imdb_binary perturbation=triangle_insertion alpha=1.0 seed=0 workflow=structural_statistics_mmd status=success
2026-07-02 21:37:39,471 INFO row_complete 138/1320 dataset=imdb_binary perturbation=triangle_insertion alpha=1.0 seed=0 workflow=wl_subtree_kernel_mmd status=success
2026-07-02 21:37:39,486 INFO row_complete 139/1320 dataset=imdb_binary perturbation=triangle_insertion alpha=1.0 seed=0 workflow=native_netlsd status=success
2026-07-02 21:37:39,489 INFO row_complete 140/1320 dataset=imdb_binary perturbation=triangle_insertion alpha=1.0 seed=0 workflow=diversity_curves_shortest_path status=success
2026-07-02 21:37:47,863 INFO row_complete 141/1320 dataset=imdb_binary perturbation=triangle_deletion alpha=0.2 seed=0 workflow=structural_statistics_mmd status=success
2026-07-02 21:37:47,871 INFO row_complete 142/1320 dataset=imdb_binary perturbation=triangle_deletion alpha=0.2 seed=0 workflow=wl_subtree_kernel_mmd status=success
2026-07-02 21:37:47,875 INFO row_complete 143/1320 dataset=imdb_binary perturbation=triangle_deletion alpha=0.2 seed=0 workflow=native_netlsd status=success
2026-07-02 21:37:47,891 INFO row_complete 144/1320 dataset=imdb_binary perturbation=triangle_deletion alpha=0.2 seed=0 workflow=diversity_curves_shortest_path status=success
2026-07-02 21:42:30,359 INFO row_complete 145/1320 dataset=imdb_binary perturbation=triangle_deletion alpha=0.3 seed=0 workflow=structural_statistics_mmd status=success
2026-07-02 21:42:30,362 INFO row_complete 146/1320 dataset=imdb_binary perturbation=triangle_deletion alpha=0.3 seed=0 workflow=wl_subtree_kernel_mmd status=success
2026-07-02 21:42:30,371 INFO row_complete 147/1320 dataset=imdb_binary perturbation=triangle_deletion alpha=0.3 seed=0 workflow=native_netlsd status=success
2026-07-02 21:42:30,374 INFO row_complete 148/1320 dataset=imdb_binary perturbation=triangle_deletion alpha=0.3 seed=0 workflow=diversity_curves_shortest_path status=success
2026-07-02 21:43:20,847 INFO row_complete 149/1320 dataset=imdb_binary perturbation=triangle_deletion alpha=1.0 seed=0 workflow=structural_statistics_mmd status=success
2026-07-02 21:43:20,852 INFO row_complete 150/1320 dataset=imdb_binary perturbation=triangle_deletion alpha=1.0 seed=0 workflow=wl_subtree_kernel_mmd status=success
2026-07-02 21:43:20,859 INFO row_complete 151/1320 dataset=imdb_binary perturbation=triangle_deletion alpha=1.0 seed=0 workflow=native_netlsd status=success
2026-07-02 21:43:20,862 INFO row_complete 152/1320 dataset=imdb_binary perturbation=triangle_deletion alpha=1.0 seed=0 workflow=diversity_curves_shortest_path status=success
2026-07-02 21:43:37,211 INFO row_complete 153/1320 dataset=imdb_binary perturbation=triangle_deletion alpha=0.9 seed=0 workflow=structural_statistics_mmd status=success
2026-07-02 21:43:37,219 INFO row_complete 154/1320 dataset=imdb_binary perturbation=triangle_deletion alpha=0.9 seed=0 workflow=wl_subtree_kernel_mmd status=success
2026-07-02 21:43:37,227 INFO row_complete 155/1320 dataset=imdb_binary perturbation=triangle_deletion alpha=0.9 seed=0 workflow=native_netlsd status=success
2026-07-02 21:43:37,235 INFO row_complete 156/1320 dataset=imdb_binary perturbation=triangle_deletion alpha=0.9 seed=0 workflow=diversity_curves_shortest_path status=success
2026-07-02 21:43:37,335 INFO row_complete 145/1320 dataset=imdb_binary perturbation=triangle_deletion alpha=1.0 seed=0 workflow=structural_statistics_mmd status=success
2026-07-02 21:43:37,338 INFO row_complete 146/1320 dataset=imdb_binary perturbation=triangle_deletion alpha=1.0 seed=0 workflow=wl_subtree_kernel_mmd status=success
2026-07-02 21:43:37,350 INFO row_complete 147/1320 dataset=imdb_binary perturbation=triangle_deletion alpha=1.0 seed=0 workflow=native_netlsd status=success
2026-07-02 21:43:37,355 INFO row_complete 148/1320 dataset=imdb_binary perturbation=triangle_deletion alpha=1.0 seed=0 workflow=diversity_curves_shortest_path status=success
2026-07-02 21:43:44,707 INFO row_complete 149/1320 dataset=imdb_binary perturbation=triangle_deletion alpha=0.9 seed=0 workflow=structural_statistics_mmd status=success
2026-07-02 21:43:44,715 INFO row_complete 150/1320 dataset=imdb_binary perturbation=triangle_deletion alpha=0.9 seed=0 workflow=wl_subtree_kernel_mmd status=success
2026-07-02 21:43:44,727 INFO row_complete 151/1320 dataset=imdb_binary perturbation=triangle_deletion alpha=0.9 seed=0 workflow=native_netlsd status=success
2026-07-02 21:43:44,731 INFO row_complete 152/1320 dataset=imdb_binary perturbation=triangle_deletion alpha=0.9 seed=0 workflow=diversity_curves_shortest_path status=success
2026-07-02 21:43:47,730 INFO row_complete 153/1320 dataset=imdb_binary perturbation=triangle_deletion alpha=0.3 seed=0 workflow=structural_statistics_mmd status=success
2026-07-02 21:43:47,733 INFO row_complete 154/1320 dataset=imdb_binary perturbation=triangle_deletion alpha=0.3 seed=0 workflow=wl_subtree_kernel_mmd status=success
2026-07-02 21:43:47,739 INFO row_complete 155/1320 dataset=imdb_binary perturbation=triangle_deletion alpha=0.3 seed=0 workflow=native_netlsd status=success
2026-07-02 21:43:47,742 INFO row_complete 156/1320 dataset=imdb_binary perturbation=triangle_deletion alpha=0.3 seed=0 workflow=diversity_curves_shortest_path status=success
2026-07-02 21:43:55,671 INFO row_complete 157/1320 dataset=imdb_binary perturbation=triangle_deletion alpha=0.4 seed=0 workflow=structural_statistics_mmd status=success
2026-07-02 21:43:55,683 INFO row_complete 158/1320 dataset=imdb_binary perturbation=triangle_deletion alpha=0.4 seed=0 workflow=wl_subtree_kernel_mmd status=success
2026-07-02 21:43:55,686 INFO row_complete 159/1320 dataset=imdb_binary perturbation=triangle_deletion alpha=0.4 seed=0 workflow=native_netlsd status=success
2026-07-02 21:43:55,699 INFO row_complete 160/1320 dataset=imdb_binary perturbation=triangle_deletion alpha=0.4 seed=0 workflow=diversity_curves_shortest_path status=success
