2026-06-30 23:37:46,775 INFO run_start result_path=results/runs/2026-07-01T0437_b502d88d/results/results.csv resume=True rerun_failed=False workers=8 seed_range=None seeds=2 completed=0 total=432 device=cpu
2026-06-30 23:37:47,021 INFO row_complete 1/432 dataset=erdos_renyi perturbation=edge_insertion alpha=0.5 seed=0 workflow=structural_statistics_mmd status=success
2026-06-30 23:37:47,027 INFO row_complete 2/432 dataset=erdos_renyi perturbation=edge_insertion alpha=0.5 seed=0 workflow=wl_subtree_kernel_mmd status=success
2026-06-30 23:37:47,031 INFO row_complete 3/432 dataset=erdos_renyi perturbation=edge_insertion alpha=0.5 seed=0 workflow=native_netlsd status=success
2026-06-30 23:37:47,034 INFO row_complete 4/432 dataset=erdos_renyi perturbation=edge_insertion alpha=0.5 seed=0 workflow=diversity_curves_shortest_path status=success
2026-06-30 23:37:47,037 INFO row_complete 5/432 dataset=erdos_renyi perturbation=edge_deletion alpha=1.0 seed=0 workflow=structural_statistics_mmd status=success
2026-06-30 23:37:47,040 INFO row_complete 6/432 dataset=erdos_renyi perturbation=edge_deletion alpha=1.0 seed=0 workflow=wl_subtree_kernel_mmd status=success
2026-06-30 23:37:47,042 INFO row_complete 7/432 dataset=erdos_renyi perturbation=edge_deletion alpha=1.0 seed=0 workflow=native_netlsd status=success
2026-06-30 23:37:47,046 INFO row_complete 8/432 dataset=erdos_renyi perturbation=edge_deletion alpha=1.0 seed=0 workflow=diversity_curves_shortest_path status=success
2026-06-30 23:37:47,052 INFO row_complete 9/432 dataset=erdos_renyi perturbation=edge_insertion alpha=0.0 seed=0 workflow=structural_statistics_mmd status=success
2026-06-30 23:37:47,054 INFO row_complete 10/432 dataset=erdos_renyi perturbation=edge_insertion alpha=0.0 seed=0 workflow=wl_subtree_kernel_mmd status=success
2026-06-30 23:37:47,057 INFO row_complete 11/432 dataset=erdos_renyi perturbation=edge_insertion alpha=0.0 seed=0 workflow=native_netlsd status=success
2026-06-30 23:37:47,060 INFO row_complete 12/432 dataset=erdos_renyi perturbation=edge_insertion alpha=0.0 seed=0 workflow=diversity_curves_shortest_path status=success
2026-06-30 23:37:47,063 INFO row_complete 13/432 dataset=erdos_renyi perturbation=triangle_insertion alpha=0.0 seed=0 workflow=structural_statistics_mmd status=success
2026-06-30 23:37:47,066 INFO row_complete 14/432 dataset=erdos_renyi perturbation=triangle_insertion alpha=0.0 seed=0 workflow=wl_subtree_kernel_mmd status=success
2026-06-30 23:37:47,071 INFO row_complete 15/432 dataset=erdos_renyi perturbation=triangle_insertion alpha=0.0 seed=0 workflow=native_netlsd status=success
2026-06-30 23:37:47,073 INFO row_complete 16/432 dataset=erdos_renyi perturbation=triangle_insertion alpha=0.0 seed=0 workflow=diversity_curves_shortest_path status=success
2026-06-30 23:37:47,076 INFO row_complete 17/432 dataset=erdos_renyi perturbation=triangle_insertion alpha=0.5 seed=0 workflow=structural_statistics_mmd status=success
2026-06-30 23:37:47,078 INFO row_complete 18/432 dataset=erdos_renyi perturbation=triangle_insertion alpha=0.5 seed=0 workflow=wl_subtree_kernel_mmd status=success
2026-06-30 23:37:47,082 INFO row_complete 19/432 dataset=erdos_renyi perturbation=triangle_insertion alpha=0.5 seed=0 workflow=native_netlsd status=success
2026-06-30 23:37:47,084 INFO row_complete 20/432 dataset=erdos_renyi perturbation=triangle_insertion alpha=0.5 seed=0 workflow=diversity_curves_shortest_path status=success
2026-06-30 23:37:47,087 INFO row_complete 21/432 dataset=erdos_renyi perturbation=edge_deletion alpha=0.0 seed=0 workflow=structural_statistics_mmd status=success
2026-06-30 23:37:47,089 INFO row_complete 22/432 dataset=erdos_renyi perturbation=edge_deletion alpha=0.0 seed=0 workflow=wl_subtree_kernel_mmd status=success
2026-06-30 23:37:47,092 INFO row_complete 23/432 dataset=erdos_renyi perturbation=edge_deletion alpha=0.0 seed=0 workflow=native_netlsd status=success
2026-06-30 23:37:47,094 INFO row_complete 24/432 dataset=erdos_renyi perturbation=edge_deletion alpha=0.0 seed=0 workflow=diversity_curves_shortest_path status=success
2026-06-30 23:37:47,097 INFO row_complete 25/432 dataset=erdos_renyi perturbation=edge_insertion alpha=1.0 seed=0 workflow=structural_statistics_mmd status=success
2026-06-30 23:37:47,099 INFO row_complete 26/432 dataset=erdos_renyi perturbation=edge_insertion alpha=1.0 seed=0 workflow=wl_subtree_kernel_mmd status=success
2026-06-30 23:37:47,101 INFO row_complete 27/432 dataset=erdos_renyi perturbation=edge_insertion alpha=1.0 seed=0 workflow=native_netlsd status=success
2026-06-30 23:37:47,104 INFO row_complete 28/432 dataset=erdos_renyi perturbation=edge_insertion alpha=1.0 seed=0 workflow=diversity_curves_shortest_path status=success
2026-06-30 23:37:47,106 INFO row_complete 29/432 dataset=erdos_renyi perturbation=edge_deletion alpha=0.5 seed=0 workflow=structural_statistics_mmd status=success
2026-06-30 23:37:47,109 INFO row_complete 30/432 dataset=erdos_renyi perturbation=edge_deletion alpha=0.5 seed=0 workflow=wl_subtree_kernel_mmd status=success
2026-06-30 23:37:47,112 INFO row_complete 31/432 dataset=erdos_renyi perturbation=edge_deletion alpha=0.5 seed=0 workflow=native_netlsd status=success
2026-06-30 23:37:47,114 INFO row_complete 32/432 dataset=erdos_renyi perturbation=edge_deletion alpha=0.5 seed=0 workflow=diversity_curves_shortest_path status=success
2026-06-30 23:37:47,117 INFO row_complete 33/432 dataset=erdos_renyi perturbation=hub_modification alpha=0.0 seed=0 workflow=structural_statistics_mmd status=success
2026-06-30 23:37:47,119 INFO row_complete 34/432 dataset=erdos_renyi perturbation=hub_modification alpha=0.0 seed=0 workflow=wl_subtree_kernel_mmd status=success
2026-06-30 23:37:47,122 INFO row_complete 35/432 dataset=erdos_renyi perturbation=hub_modification alpha=0.0 seed=0 workflow=native_netlsd status=success
2026-06-30 23:37:47,124 INFO row_complete 36/432 dataset=erdos_renyi perturbation=hub_modification alpha=0.0 seed=0 workflow=diversity_curves_shortest_path status=success
2026-06-30 23:37:47,127 INFO row_complete 37/432 dataset=erdos_renyi perturbation=community_weakening alpha=0.5 seed=0 workflow=structural_statistics_mmd status=success
2026-06-30 23:37:47,129 INFO row_complete 38/432 dataset=erdos_renyi perturbation=community_weakening alpha=0.5 seed=0 workflow=wl_subtree_kernel_mmd status=success
2026-06-30 23:37:47,132 INFO row_complete 39/432 dataset=erdos_renyi perturbation=community_weakening alpha=0.5 seed=0 workflow=native_netlsd status=success
2026-06-30 23:37:47,135 INFO row_complete 40/432 dataset=erdos_renyi perturbation=community_weakening alpha=0.5 seed=0 workflow=diversity_curves_shortest_path status=success
2026-06-30 23:37:47,137 INFO row_complete 41/432 dataset=erdos_renyi perturbation=triangle_deletion alpha=0.5 seed=0 workflow=structural_statistics_mmd status=success
2026-06-30 23:37:47,140 INFO row_complete 42/432 dataset=erdos_renyi perturbation=triangle_deletion alpha=0.5 seed=0 workflow=wl_subtree_kernel_mmd status=success
2026-06-30 23:37:47,142 INFO row_complete 43/432 dataset=erdos_renyi perturbation=triangle_deletion alpha=0.5 seed=0 workflow=native_netlsd status=success
2026-06-30 23:37:47,145 INFO row_complete 44/432 dataset=erdos_renyi perturbation=triangle_deletion alpha=0.5 seed=0 workflow=diversity_curves_shortest_path status=success
2026-06-30 23:37:47,148 INFO row_complete 45/432 dataset=erdos_renyi perturbation=community_weakening alpha=1.0 seed=0 workflow=structural_statistics_mmd status=success
2026-06-30 23:37:47,150 INFO row_complete 46/432 dataset=erdos_renyi perturbation=community_weakening alpha=1.0 seed=0 workflow=wl_subtree_kernel_mmd status=success
2026-06-30 23:37:47,152 INFO row_complete 47/432 dataset=erdos_renyi perturbation=community_weakening alpha=1.0 seed=0 workflow=native_netlsd status=success
2026-06-30 23:37:47,154 INFO row_complete 48/432 dataset=erdos_renyi perturbation=community_weakening alpha=1.0 seed=0 workflow=diversity_curves_shortest_path status=success
2026-06-30 23:37:47,157 INFO row_complete 49/432 dataset=erdos_renyi perturbation=hub_modification alpha=1.0 seed=0 workflow=structural_statistics_mmd status=success
2026-06-30 23:37:47,160 INFO row_complete 50/432 dataset=erdos_renyi perturbation=hub_modification alpha=1.0 seed=0 workflow=wl_subtree_kernel_mmd status=success
2026-06-30 23:37:47,162 INFO row_complete 51/432 dataset=erdos_renyi perturbation=hub_modification alpha=1.0 seed=0 workflow=native_netlsd status=success
2026-06-30 23:37:47,165 INFO row_complete 52/432 dataset=erdos_renyi perturbation=hub_modification alpha=1.0 seed=0 workflow=diversity_curves_shortest_path status=success
2026-06-30 23:37:47,167 INFO row_complete 53/432 dataset=erdos_renyi perturbation=triangle_deletion alpha=1.0 seed=0 workflow=structural_statistics_mmd status=success
2026-06-30 23:37:47,169 INFO row_complete 54/432 dataset=erdos_renyi perturbation=triangle_deletion alpha=1.0 seed=0 workflow=wl_subtree_kernel_mmd status=success
2026-06-30 23:37:47,173 INFO row_complete 55/432 dataset=erdos_renyi perturbation=triangle_deletion alpha=1.0 seed=0 workflow=native_netlsd status=success
2026-06-30 23:37:47,176 INFO row_complete 56/432 dataset=erdos_renyi perturbation=triangle_deletion alpha=1.0 seed=0 workflow=diversity_curves_shortest_path status=success
2026-06-30 23:37:47,178 INFO row_complete 57/432 dataset=erdos_renyi perturbation=triangle_deletion alpha=0.0 seed=0 workflow=structural_statistics_mmd status=success
2026-06-30 23:37:47,180 INFO row_complete 58/432 dataset=erdos_renyi perturbation=triangle_deletion alpha=0.0 seed=0 workflow=wl_subtree_kernel_mmd status=success
2026-06-30 23:37:47,182 INFO row_complete 59/432 dataset=erdos_renyi perturbation=triangle_deletion alpha=0.0 seed=0 workflow=native_netlsd status=success
2026-06-30 23:37:47,191 INFO row_complete 60/432 dataset=erdos_renyi perturbation=triangle_deletion alpha=0.0 seed=0 workflow=diversity_curves_shortest_path status=success
2026-06-30 23:37:47,193 INFO row_complete 61/432 dataset=erdos_renyi perturbation=triangle_insertion alpha=1.0 seed=0 workflow=structural_statistics_mmd status=success
2026-06-30 23:37:47,195 INFO row_complete 62/432 dataset=erdos_renyi perturbation=triangle_insertion alpha=1.0 seed=0 workflow=wl_subtree_kernel_mmd status=success
2026-06-30 23:37:47,198 INFO row_complete 63/432 dataset=erdos_renyi perturbation=triangle_insertion alpha=1.0 seed=0 workflow=native_netlsd status=success
2026-06-30 23:37:47,200 INFO row_complete 64/432 dataset=erdos_renyi perturbation=triangle_insertion alpha=1.0 seed=0 workflow=diversity_curves_shortest_path status=success
2026-06-30 23:37:47,212 INFO row_complete 65/432 dataset=erdos_renyi perturbation=hub_modification alpha=0.5 seed=0 workflow=structural_statistics_mmd status=success
2026-06-30 23:37:47,215 INFO row_complete 66/432 dataset=erdos_renyi perturbation=hub_modification alpha=0.5 seed=0 workflow=wl_subtree_kernel_mmd status=success
2026-06-30 23:37:47,218 INFO row_complete 67/432 dataset=erdos_renyi perturbation=hub_modification alpha=0.5 seed=0 workflow=native_netlsd status=success
2026-06-30 23:37:47,221 INFO row_complete 68/432 dataset=erdos_renyi perturbation=hub_modification alpha=0.5 seed=0 workflow=diversity_curves_shortest_path status=success
2026-06-30 23:37:47,223 INFO row_complete 69/432 dataset=stochastic_block_model perturbation=edge_insertion alpha=0.0 seed=0 workflow=structural_statistics_mmd status=success
2026-06-30 23:37:47,226 INFO row_complete 70/432 dataset=stochastic_block_model perturbation=edge_insertion alpha=0.0 seed=0 workflow=wl_subtree_kernel_mmd status=success
2026-06-30 23:37:47,229 INFO row_complete 71/432 dataset=stochastic_block_model perturbation=edge_insertion alpha=0.0 seed=0 workflow=native_netlsd status=success
2026-06-30 23:37:47,232 INFO row_complete 72/432 dataset=stochastic_block_model perturbation=edge_insertion alpha=0.0 seed=0 workflow=diversity_curves_shortest_path status=success
2026-06-30 23:37:47,234 INFO row_complete 73/432 dataset=erdos_renyi perturbation=community_weakening alpha=0.0 seed=0 workflow=structural_statistics_mmd status=success
2026-06-30 23:37:47,237 INFO row_complete 74/432 dataset=erdos_renyi perturbation=community_weakening alpha=0.0 seed=0 workflow=wl_subtree_kernel_mmd status=success
2026-06-30 23:37:47,241 INFO row_complete 75/432 dataset=erdos_renyi perturbation=community_weakening alpha=0.0 seed=0 workflow=native_netlsd status=success
2026-06-30 23:37:47,243 INFO row_complete 76/432 dataset=erdos_renyi perturbation=community_weakening alpha=0.0 seed=0 workflow=diversity_curves_shortest_path status=success
2026-06-30 23:37:47,246 INFO row_complete 77/432 dataset=stochastic_block_model perturbation=triangle_insertion alpha=1.0 seed=0 workflow=structural_statistics_mmd status=success
2026-06-30 23:37:47,248 INFO row_complete 78/432 dataset=stochastic_block_model perturbation=triangle_insertion alpha=1.0 seed=0 workflow=wl_subtree_kernel_mmd status=success
2026-06-30 23:37:47,251 INFO row_complete 79/432 dataset=stochastic_block_model perturbation=triangle_insertion alpha=1.0 seed=0 workflow=native_netlsd status=success
2026-06-30 23:37:47,253 INFO row_complete 80/432 dataset=stochastic_block_model perturbation=triangle_insertion alpha=1.0 seed=0 workflow=diversity_curves_shortest_path status=success
2026-06-30 23:37:47,255 INFO row_complete 81/432 dataset=stochastic_block_model perturbation=edge_deletion alpha=1.0 seed=0 workflow=structural_statistics_mmd status=success
2026-06-30 23:37:47,258 INFO row_complete 82/432 dataset=stochastic_block_model perturbation=edge_deletion alpha=1.0 seed=0 workflow=wl_subtree_kernel_mmd status=success
2026-06-30 23:37:47,261 INFO row_complete 83/432 dataset=stochastic_block_model perturbation=edge_deletion alpha=1.0 seed=0 workflow=native_netlsd status=success
2026-06-30 23:37:47,264 INFO row_complete 84/432 dataset=stochastic_block_model perturbation=edge_deletion alpha=1.0 seed=0 workflow=diversity_curves_shortest_path status=success
2026-06-30 23:37:47,266 INFO row_complete 85/432 dataset=stochastic_block_model perturbation=edge_insertion alpha=0.5 seed=0 workflow=structural_statistics_mmd status=success
2026-06-30 23:37:47,269 INFO row_complete 86/432 dataset=stochastic_block_model perturbation=edge_insertion alpha=0.5 seed=0 workflow=wl_subtree_kernel_mmd status=success
2026-06-30 23:37:47,273 INFO row_complete 87/432 dataset=stochastic_block_model perturbation=edge_insertion alpha=0.5 seed=0 workflow=native_netlsd status=success
2026-06-30 23:37:47,276 INFO row_complete 88/432 dataset=stochastic_block_model perturbation=edge_insertion alpha=0.5 seed=0 workflow=diversity_curves_shortest_path status=success
2026-06-30 23:37:47,279 INFO row_complete 89/432 dataset=stochastic_block_model perturbation=triangle_deletion alpha=1.0 seed=0 workflow=structural_statistics_mmd status=success
2026-06-30 23:37:47,282 INFO row_complete 90/432 dataset=stochastic_block_model perturbation=triangle_deletion alpha=1.0 seed=0 workflow=wl_subtree_kernel_mmd status=success
2026-06-30 23:37:47,284 INFO row_complete 91/432 dataset=stochastic_block_model perturbation=triangle_deletion alpha=1.0 seed=0 workflow=native_netlsd status=success
2026-06-30 23:37:47,288 INFO row_complete 92/432 dataset=stochastic_block_model perturbation=triangle_deletion alpha=1.0 seed=0 workflow=diversity_curves_shortest_path status=success
2026-06-30 23:37:47,291 INFO row_complete 93/432 dataset=stochastic_block_model perturbation=triangle_insertion alpha=0.5 seed=0 workflow=structural_statistics_mmd status=success
2026-06-30 23:37:47,295 INFO row_complete 94/432 dataset=stochastic_block_model perturbation=triangle_insertion alpha=0.5 seed=0 workflow=wl_subtree_kernel_mmd status=success
2026-06-30 23:37:47,297 INFO row_complete 95/432 dataset=stochastic_block_model perturbation=triangle_insertion alpha=0.5 seed=0 workflow=native_netlsd status=success
2026-06-30 23:37:47,300 INFO row_complete 96/432 dataset=stochastic_block_model perturbation=triangle_insertion alpha=0.5 seed=0 workflow=diversity_curves_shortest_path status=success
2026-06-30 23:37:47,303 INFO row_complete 97/432 dataset=stochastic_block_model perturbation=triangle_deletion alpha=0.0 seed=0 workflow=structural_statistics_mmd status=success
2026-06-30 23:37:47,305 INFO row_complete 98/432 dataset=stochastic_block_model perturbation=triangle_deletion alpha=0.0 seed=0 workflow=wl_subtree_kernel_mmd status=success
2026-06-30 23:37:47,307 INFO row_complete 99/432 dataset=stochastic_block_model perturbation=triangle_deletion alpha=0.0 seed=0 workflow=native_netlsd status=success
2026-06-30 23:37:47,309 INFO row_complete 100/432 dataset=stochastic_block_model perturbation=triangle_deletion alpha=0.0 seed=0 workflow=diversity_curves_shortest_path status=success
2026-06-30 23:37:47,311 INFO row_complete 101/432 dataset=stochastic_block_model perturbation=triangle_deletion alpha=0.5 seed=0 workflow=structural_statistics_mmd status=success
2026-06-30 23:37:47,313 INFO row_complete 102/432 dataset=stochastic_block_model perturbation=triangle_deletion alpha=0.5 seed=0 workflow=wl_subtree_kernel_mmd status=success
2026-06-30 23:37:47,316 INFO row_complete 103/432 dataset=stochastic_block_model perturbation=triangle_deletion alpha=0.5 seed=0 workflow=native_netlsd status=success
2026-06-30 23:37:47,320 INFO row_complete 104/432 dataset=stochastic_block_model perturbation=triangle_deletion alpha=0.5 seed=0 workflow=diversity_curves_shortest_path status=success
2026-06-30 23:37:47,323 INFO row_complete 105/432 dataset=stochastic_block_model perturbation=edge_insertion alpha=1.0 seed=0 workflow=structural_statistics_mmd status=success
2026-06-30 23:37:47,326 INFO row_complete 106/432 dataset=stochastic_block_model perturbation=edge_insertion alpha=1.0 seed=0 workflow=wl_subtree_kernel_mmd status=success
2026-06-30 23:37:47,328 INFO row_complete 107/432 dataset=stochastic_block_model perturbation=edge_insertion alpha=1.0 seed=0 workflow=native_netlsd status=success
2026-06-30 23:37:47,330 INFO row_complete 108/432 dataset=stochastic_block_model perturbation=edge_insertion alpha=1.0 seed=0 workflow=diversity_curves_shortest_path status=success
2026-06-30 23:37:47,338 INFO row_complete 109/432 dataset=stochastic_block_model perturbation=edge_deletion alpha=0.5 seed=0 workflow=structural_statistics_mmd status=success
2026-06-30 23:37:47,342 INFO row_complete 110/432 dataset=stochastic_block_model perturbation=edge_deletion alpha=0.5 seed=0 workflow=wl_subtree_kernel_mmd status=success
2026-06-30 23:37:47,344 INFO row_complete 111/432 dataset=stochastic_block_model perturbation=edge_deletion alpha=0.5 seed=0 workflow=native_netlsd status=success
2026-06-30 23:37:47,349 INFO row_complete 112/432 dataset=stochastic_block_model perturbation=edge_deletion alpha=0.5 seed=0 workflow=diversity_curves_shortest_path status=success
2026-06-30 23:37:47,352 INFO row_complete 113/432 dataset=stochastic_block_model perturbation=triangle_insertion alpha=0.0 seed=0 workflow=structural_statistics_mmd status=success
2026-06-30 23:37:47,355 INFO row_complete 114/432 dataset=stochastic_block_model perturbation=triangle_insertion alpha=0.0 seed=0 workflow=wl_subtree_kernel_mmd status=success
2026-06-30 23:37:47,358 INFO row_complete 115/432 dataset=stochastic_block_model perturbation=triangle_insertion alpha=0.0 seed=0 workflow=native_netlsd status=success
2026-06-30 23:37:47,360 INFO row_complete 116/432 dataset=stochastic_block_model perturbation=triangle_insertion alpha=0.0 seed=0 workflow=diversity_curves_shortest_path status=success
2026-06-30 23:37:47,362 INFO row_complete 117/432 dataset=stochastic_block_model perturbation=community_weakening alpha=0.0 seed=0 workflow=structural_statistics_mmd status=success
2026-06-30 23:37:47,367 INFO row_complete 118/432 dataset=stochastic_block_model perturbation=community_weakening alpha=0.0 seed=0 workflow=wl_subtree_kernel_mmd status=success
2026-06-30 23:37:47,369 INFO row_complete 119/432 dataset=stochastic_block_model perturbation=community_weakening alpha=0.0 seed=0 workflow=native_netlsd status=success
2026-06-30 23:37:47,374 INFO row_complete 120/432 dataset=stochastic_block_model perturbation=community_weakening alpha=0.0 seed=0 workflow=diversity_curves_shortest_path status=success
2026-06-30 23:37:47,377 INFO row_complete 121/432 dataset=stochastic_block_model perturbation=edge_deletion alpha=0.0 seed=0 workflow=structural_statistics_mmd status=success
2026-06-30 23:37:47,383 INFO row_complete 122/432 dataset=stochastic_block_model perturbation=edge_deletion alpha=0.0 seed=0 workflow=wl_subtree_kernel_mmd status=success
2026-06-30 23:37:47,386 INFO row_complete 123/432 dataset=stochastic_block_model perturbation=edge_deletion alpha=0.0 seed=0 workflow=native_netlsd status=success
2026-06-30 23:37:47,388 INFO row_complete 124/432 dataset=stochastic_block_model perturbation=edge_deletion alpha=0.0 seed=0 workflow=diversity_curves_shortest_path status=success
2026-06-30 23:37:47,390 INFO row_complete 125/432 dataset=stochastic_block_model perturbation=community_weakening alpha=0.5 seed=0 workflow=structural_statistics_mmd status=success
2026-06-30 23:37:47,394 INFO row_complete 126/432 dataset=stochastic_block_model perturbation=community_weakening alpha=0.5 seed=0 workflow=wl_subtree_kernel_mmd status=success
2026-06-30 23:37:47,396 INFO row_complete 127/432 dataset=stochastic_block_model perturbation=community_weakening alpha=0.5 seed=0 workflow=native_netlsd status=success
2026-06-30 23:37:47,398 INFO row_complete 128/432 dataset=stochastic_block_model perturbation=community_weakening alpha=0.5 seed=0 workflow=diversity_curves_shortest_path status=success
2026-06-30 23:37:47,401 INFO row_complete 129/432 dataset=stochastic_block_model perturbation=hub_modification alpha=0.5 seed=0 workflow=structural_statistics_mmd status=success
2026-06-30 23:37:47,405 INFO row_complete 130/432 dataset=stochastic_block_model perturbation=hub_modification alpha=0.5 seed=0 workflow=wl_subtree_kernel_mmd status=success
2026-06-30 23:37:47,407 INFO row_complete 131/432 dataset=stochastic_block_model perturbation=hub_modification alpha=0.5 seed=0 workflow=native_netlsd status=success
2026-06-30 23:37:47,410 INFO row_complete 132/432 dataset=stochastic_block_model perturbation=hub_modification alpha=0.5 seed=0 workflow=diversity_curves_shortest_path status=success
2026-06-30 23:37:47,412 INFO row_complete 133/432 dataset=stochastic_block_model perturbation=hub_modification alpha=1.0 seed=0 workflow=structural_statistics_mmd status=success
2026-06-30 23:37:47,415 INFO row_complete 134/432 dataset=stochastic_block_model perturbation=hub_modification alpha=1.0 seed=0 workflow=wl_subtree_kernel_mmd status=success
2026-06-30 23:37:47,417 INFO row_complete 135/432 dataset=stochastic_block_model perturbation=hub_modification alpha=1.0 seed=0 workflow=native_netlsd status=success
2026-06-30 23:37:47,421 INFO row_complete 136/432 dataset=stochastic_block_model perturbation=hub_modification alpha=1.0 seed=0 workflow=diversity_curves_shortest_path status=success
2026-06-30 23:37:47,425 INFO row_complete 137/432 dataset=stochastic_block_model perturbation=community_weakening alpha=1.0 seed=0 workflow=structural_statistics_mmd status=success
2026-06-30 23:37:47,429 INFO row_complete 138/432 dataset=stochastic_block_model perturbation=community_weakening alpha=1.0 seed=0 workflow=wl_subtree_kernel_mmd status=success
2026-06-30 23:37:47,432 INFO row_complete 139/432 dataset=stochastic_block_model perturbation=community_weakening alpha=1.0 seed=0 workflow=native_netlsd status=success
2026-06-30 23:37:47,435 INFO row_complete 140/432 dataset=stochastic_block_model perturbation=community_weakening alpha=1.0 seed=0 workflow=diversity_curves_shortest_path status=success
2026-06-30 23:37:47,437 INFO row_complete 141/432 dataset=stochastic_block_model perturbation=hub_modification alpha=0.0 seed=0 workflow=structural_statistics_mmd status=success
2026-06-30 23:37:47,446 INFO row_complete 142/432 dataset=stochastic_block_model perturbation=hub_modification alpha=0.0 seed=0 workflow=wl_subtree_kernel_mmd status=success
2026-06-30 23:37:47,449 INFO row_complete 143/432 dataset=stochastic_block_model perturbation=hub_modification alpha=0.0 seed=0 workflow=native_netlsd status=success
2026-06-30 23:37:47,451 INFO row_complete 144/432 dataset=stochastic_block_model perturbation=hub_modification alpha=0.0 seed=0 workflow=diversity_curves_shortest_path status=success
2026-06-30 23:37:47,454 INFO row_complete 145/432 dataset=barabasi_albert perturbation=edge_insertion alpha=0.0 seed=0 workflow=structural_statistics_mmd status=success
2026-06-30 23:37:47,456 INFO row_complete 146/432 dataset=barabasi_albert perturbation=edge_insertion alpha=0.0 seed=0 workflow=wl_subtree_kernel_mmd status=success
2026-06-30 23:37:47,459 INFO row_complete 147/432 dataset=barabasi_albert perturbation=edge_insertion alpha=0.0 seed=0 workflow=native_netlsd status=success
2026-06-30 23:37:47,465 INFO row_complete 148/432 dataset=barabasi_albert perturbation=edge_insertion alpha=0.0 seed=0 workflow=diversity_curves_shortest_path status=success
2026-06-30 23:37:47,472 INFO row_complete 149/432 dataset=barabasi_albert perturbation=edge_deletion alpha=1.0 seed=0 workflow=structural_statistics_mmd status=success
2026-06-30 23:37:47,475 INFO row_complete 150/432 dataset=barabasi_albert perturbation=edge_deletion alpha=1.0 seed=0 workflow=wl_subtree_kernel_mmd status=success
2026-06-30 23:37:47,478 INFO row_complete 151/432 dataset=barabasi_albert perturbation=edge_deletion alpha=1.0 seed=0 workflow=native_netlsd status=success
2026-06-30 23:37:47,480 INFO row_complete 152/432 dataset=barabasi_albert perturbation=edge_deletion alpha=1.0 seed=0 workflow=diversity_curves_shortest_path status=success
2026-06-30 23:37:47,490 INFO row_complete 153/432 dataset=barabasi_albert perturbation=edge_deletion alpha=0.5 seed=0 workflow=structural_statistics_mmd status=success
2026-06-30 23:37:47,493 INFO row_complete 154/432 dataset=barabasi_albert perturbation=edge_deletion alpha=0.5 seed=0 workflow=wl_subtree_kernel_mmd status=success
2026-06-30 23:37:47,496 INFO row_complete 155/432 dataset=barabasi_albert perturbation=edge_deletion alpha=0.5 seed=0 workflow=native_netlsd status=success
2026-06-30 23:37:47,499 INFO row_complete 156/432 dataset=barabasi_albert perturbation=edge_deletion alpha=0.5 seed=0 workflow=diversity_curves_shortest_path status=success
2026-06-30 23:37:47,505 INFO row_complete 157/432 dataset=barabasi_albert perturbation=edge_insertion alpha=0.5 seed=0 workflow=structural_statistics_mmd status=success
2026-06-30 23:37:47,509 INFO row_complete 158/432 dataset=barabasi_albert perturbation=edge_insertion alpha=0.5 seed=0 workflow=wl_subtree_kernel_mmd status=success
2026-06-30 23:37:47,511 INFO row_complete 159/432 dataset=barabasi_albert perturbation=edge_insertion alpha=0.5 seed=0 workflow=native_netlsd status=success
2026-06-30 23:37:47,515 INFO row_complete 160/432 dataset=barabasi_albert perturbation=edge_insertion alpha=0.5 seed=0 workflow=diversity_curves_shortest_path status=success
2026-06-30 23:37:47,522 INFO row_complete 161/432 dataset=barabasi_albert perturbation=edge_insertion alpha=1.0 seed=0 workflow=structural_statistics_mmd status=success
2026-06-30 23:37:47,528 INFO row_complete 162/432 dataset=barabasi_albert perturbation=edge_insertion alpha=1.0 seed=0 workflow=wl_subtree_kernel_mmd status=success
2026-06-30 23:37:47,530 INFO row_complete 163/432 dataset=barabasi_albert perturbation=edge_insertion alpha=1.0 seed=0 workflow=native_netlsd status=success
2026-06-30 23:37:47,538 INFO row_complete 164/432 dataset=barabasi_albert perturbation=edge_insertion alpha=1.0 seed=0 workflow=diversity_curves_shortest_path status=success
2026-06-30 23:37:47,542 INFO row_complete 165/432 dataset=barabasi_albert perturbation=triangle_insertion alpha=0.0 seed=0 workflow=structural_statistics_mmd status=success
2026-06-30 23:37:47,544 INFO row_complete 166/432 dataset=barabasi_albert perturbation=triangle_insertion alpha=0.0 seed=0 workflow=wl_subtree_kernel_mmd status=success
2026-06-30 23:37:47,547 INFO row_complete 167/432 dataset=barabasi_albert perturbation=triangle_insertion alpha=0.0 seed=0 workflow=native_netlsd status=success
2026-06-30 23:37:47,549 INFO row_complete 168/432 dataset=barabasi_albert perturbation=triangle_insertion alpha=0.0 seed=0 workflow=diversity_curves_shortest_path status=success
2026-06-30 23:37:47,552 INFO row_complete 169/432 dataset=barabasi_albert perturbation=edge_deletion alpha=0.0 seed=0 workflow=structural_statistics_mmd status=success
2026-06-30 23:37:47,554 INFO row_complete 170/432 dataset=barabasi_albert perturbation=edge_deletion alpha=0.0 seed=0 workflow=wl_subtree_kernel_mmd status=success
2026-06-30 23:37:47,557 INFO row_complete 171/432 dataset=barabasi_albert perturbation=edge_deletion alpha=0.0 seed=0 workflow=native_netlsd status=success
2026-06-30 23:37:47,559 INFO row_complete 172/432 dataset=barabasi_albert perturbation=edge_deletion alpha=0.0 seed=0 workflow=diversity_curves_shortest_path status=success
2026-06-30 23:37:47,562 INFO row_complete 173/432 dataset=barabasi_albert perturbation=triangle_insertion alpha=0.5 seed=0 workflow=structural_statistics_mmd status=success
2026-06-30 23:37:47,564 INFO row_complete 174/432 dataset=barabasi_albert perturbation=triangle_insertion alpha=0.5 seed=0 workflow=wl_subtree_kernel_mmd status=success
2026-06-30 23:37:47,567 INFO row_complete 175/432 dataset=barabasi_albert perturbation=triangle_insertion alpha=0.5 seed=0 workflow=native_netlsd status=success
2026-06-30 23:37:47,569 INFO row_complete 176/432 dataset=barabasi_albert perturbation=triangle_insertion alpha=0.5 seed=0 workflow=diversity_curves_shortest_path status=success
2026-06-30 23:37:47,572 INFO row_complete 177/432 dataset=barabasi_albert perturbation=triangle_deletion alpha=1.0 seed=0 workflow=structural_statistics_mmd status=success
2026-06-30 23:37:47,575 INFO row_complete 178/432 dataset=barabasi_albert perturbation=triangle_deletion alpha=1.0 seed=0 workflow=wl_subtree_kernel_mmd status=success
2026-06-30 23:37:47,578 INFO row_complete 179/432 dataset=barabasi_albert perturbation=triangle_deletion alpha=1.0 seed=0 workflow=native_netlsd status=success
2026-06-30 23:37:47,585 INFO row_complete 180/432 dataset=barabasi_albert perturbation=triangle_deletion alpha=1.0 seed=0 workflow=diversity_curves_shortest_path status=success
2026-06-30 23:37:47,592 INFO row_complete 181/432 dataset=barabasi_albert perturbation=triangle_deletion alpha=0.5 seed=0 workflow=structural_statistics_mmd status=success
2026-06-30 23:37:47,594 INFO row_complete 182/432 dataset=barabasi_albert perturbation=triangle_deletion alpha=0.5 seed=0 workflow=wl_subtree_kernel_mmd status=success
2026-06-30 23:37:47,598 INFO row_complete 183/432 dataset=barabasi_albert perturbation=triangle_deletion alpha=0.5 seed=0 workflow=native_netlsd status=success
2026-06-30 23:37:47,601 INFO row_complete 184/432 dataset=barabasi_albert perturbation=triangle_deletion alpha=0.5 seed=0 workflow=diversity_curves_shortest_path status=success
2026-06-30 23:37:47,603 INFO row_complete 185/432 dataset=barabasi_albert perturbation=triangle_deletion alpha=0.0 seed=0 workflow=structural_statistics_mmd status=success
2026-06-30 23:37:47,606 INFO row_complete 186/432 dataset=barabasi_albert perturbation=triangle_deletion alpha=0.0 seed=0 workflow=wl_subtree_kernel_mmd status=success
2026-06-30 23:37:47,608 INFO row_complete 187/432 dataset=barabasi_albert perturbation=triangle_deletion alpha=0.0 seed=0 workflow=native_netlsd status=success
2026-06-30 23:37:47,611 INFO row_complete 188/432 dataset=barabasi_albert perturbation=triangle_deletion alpha=0.0 seed=0 workflow=diversity_curves_shortest_path status=success
2026-06-30 23:37:47,615 INFO row_complete 189/432 dataset=barabasi_albert perturbation=triangle_insertion alpha=1.0 seed=0 workflow=structural_statistics_mmd status=success
2026-06-30 23:37:47,619 INFO row_complete 190/432 dataset=barabasi_albert perturbation=triangle_insertion alpha=1.0 seed=0 workflow=wl_subtree_kernel_mmd status=success
2026-06-30 23:37:47,622 INFO row_complete 191/432 dataset=barabasi_albert perturbation=triangle_insertion alpha=1.0 seed=0 workflow=native_netlsd status=success
2026-06-30 23:37:47,625 INFO row_complete 192/432 dataset=barabasi_albert perturbation=triangle_insertion alpha=1.0 seed=0 workflow=diversity_curves_shortest_path status=success
2026-06-30 23:37:47,639 INFO row_complete 193/432 dataset=barabasi_albert perturbation=community_weakening alpha=0.5 seed=0 workflow=structural_statistics_mmd status=success
2026-06-30 23:37:47,642 INFO row_complete 194/432 dataset=barabasi_albert perturbation=community_weakening alpha=0.5 seed=0 workflow=wl_subtree_kernel_mmd status=success
2026-06-30 23:37:47,646 INFO row_complete 195/432 dataset=barabasi_albert perturbation=community_weakening alpha=0.5 seed=0 workflow=native_netlsd status=success
2026-06-30 23:37:47,649 INFO row_complete 196/432 dataset=barabasi_albert perturbation=community_weakening alpha=0.5 seed=0 workflow=diversity_curves_shortest_path status=success
2026-06-30 23:37:47,652 INFO row_complete 197/432 dataset=erdos_renyi perturbation=edge_insertion alpha=0.0 seed=1 workflow=structural_statistics_mmd status=success
2026-06-30 23:37:47,654 INFO row_complete 198/432 dataset=erdos_renyi perturbation=edge_insertion alpha=0.0 seed=1 workflow=wl_subtree_kernel_mmd status=success
2026-06-30 23:37:47,657 INFO row_complete 199/432 dataset=erdos_renyi perturbation=edge_insertion alpha=0.0 seed=1 workflow=native_netlsd status=success
2026-06-30 23:37:47,659 INFO row_complete 200/432 dataset=erdos_renyi perturbation=edge_insertion alpha=0.0 seed=1 workflow=diversity_curves_shortest_path status=success
2026-06-30 23:37:47,663 INFO row_complete 201/432 dataset=barabasi_albert perturbation=community_weakening alpha=1.0 seed=0 workflow=structural_statistics_mmd status=success
2026-06-30 23:37:47,666 INFO row_complete 202/432 dataset=barabasi_albert perturbation=community_weakening alpha=1.0 seed=0 workflow=wl_subtree_kernel_mmd status=success
2026-06-30 23:37:47,669 INFO row_complete 203/432 dataset=barabasi_albert perturbation=community_weakening alpha=1.0 seed=0 workflow=native_netlsd status=success
2026-06-30 23:37:47,671 INFO row_complete 204/432 dataset=barabasi_albert perturbation=community_weakening alpha=1.0 seed=0 workflow=diversity_curves_shortest_path status=success
2026-06-30 23:37:47,676 INFO row_complete 205/432 dataset=barabasi_albert perturbation=community_weakening alpha=0.0 seed=0 workflow=structural_statistics_mmd status=success
2026-06-30 23:37:47,678 INFO row_complete 206/432 dataset=barabasi_albert perturbation=community_weakening alpha=0.0 seed=0 workflow=wl_subtree_kernel_mmd status=success
2026-06-30 23:37:47,681 INFO row_complete 207/432 dataset=barabasi_albert perturbation=community_weakening alpha=0.0 seed=0 workflow=native_netlsd status=success
2026-06-30 23:37:47,683 INFO row_complete 208/432 dataset=barabasi_albert perturbation=community_weakening alpha=0.0 seed=0 workflow=diversity_curves_shortest_path status=success
2026-06-30 23:37:47,686 INFO row_complete 209/432 dataset=barabasi_albert perturbation=hub_modification alpha=0.0 seed=0 workflow=structural_statistics_mmd status=success
2026-06-30 23:37:47,692 INFO row_complete 210/432 dataset=barabasi_albert perturbation=hub_modification alpha=0.0 seed=0 workflow=wl_subtree_kernel_mmd status=success
2026-06-30 23:37:47,695 INFO row_complete 211/432 dataset=barabasi_albert perturbation=hub_modification alpha=0.0 seed=0 workflow=native_netlsd status=success
2026-06-30 23:37:47,698 INFO row_complete 212/432 dataset=barabasi_albert perturbation=hub_modification alpha=0.0 seed=0 workflow=diversity_curves_shortest_path status=success
2026-06-30 23:37:47,701 INFO row_complete 213/432 dataset=erdos_renyi perturbation=edge_insertion alpha=0.5 seed=1 workflow=structural_statistics_mmd status=success
2026-06-30 23:37:47,703 INFO row_complete 214/432 dataset=erdos_renyi perturbation=edge_insertion alpha=0.5 seed=1 workflow=wl_subtree_kernel_mmd status=success
2026-06-30 23:37:47,706 INFO row_complete 215/432 dataset=erdos_renyi perturbation=edge_insertion alpha=0.5 seed=1 workflow=native_netlsd status=success
2026-06-30 23:37:47,708 INFO row_complete 216/432 dataset=erdos_renyi perturbation=edge_insertion alpha=0.5 seed=1 workflow=diversity_curves_shortest_path status=success
2026-06-30 23:37:47,712 INFO row_complete 217/432 dataset=barabasi_albert perturbation=hub_modification alpha=1.0 seed=0 workflow=structural_statistics_mmd status=success
2026-06-30 23:37:47,714 INFO row_complete 218/432 dataset=barabasi_albert perturbation=hub_modification alpha=1.0 seed=0 workflow=wl_subtree_kernel_mmd status=success
2026-06-30 23:37:47,717 INFO row_complete 219/432 dataset=barabasi_albert perturbation=hub_modification alpha=1.0 seed=0 workflow=native_netlsd status=success
2026-06-30 23:37:47,721 INFO row_complete 220/432 dataset=barabasi_albert perturbation=hub_modification alpha=1.0 seed=0 workflow=diversity_curves_shortest_path status=success
2026-06-30 23:37:47,723 INFO row_complete 221/432 dataset=barabasi_albert perturbation=hub_modification alpha=0.5 seed=0 workflow=structural_statistics_mmd status=success
2026-06-30 23:37:47,726 INFO row_complete 222/432 dataset=barabasi_albert perturbation=hub_modification alpha=0.5 seed=0 workflow=wl_subtree_kernel_mmd status=success
2026-06-30 23:37:47,728 INFO row_complete 223/432 dataset=barabasi_albert perturbation=hub_modification alpha=0.5 seed=0 workflow=native_netlsd status=success
2026-06-30 23:37:47,731 INFO row_complete 224/432 dataset=barabasi_albert perturbation=hub_modification alpha=0.5 seed=0 workflow=diversity_curves_shortest_path status=success
2026-06-30 23:37:47,733 INFO row_complete 225/432 dataset=erdos_renyi perturbation=edge_deletion alpha=0.0 seed=1 workflow=structural_statistics_mmd status=success
2026-06-30 23:37:47,736 INFO row_complete 226/432 dataset=erdos_renyi perturbation=edge_deletion alpha=0.0 seed=1 workflow=wl_subtree_kernel_mmd status=success
2026-06-30 23:37:47,738 INFO row_complete 227/432 dataset=erdos_renyi perturbation=edge_deletion alpha=0.0 seed=1 workflow=native_netlsd status=success
2026-06-30 23:37:47,741 INFO row_complete 228/432 dataset=erdos_renyi perturbation=edge_deletion alpha=0.0 seed=1 workflow=diversity_curves_shortest_path status=success
2026-06-30 23:37:47,744 INFO row_complete 229/432 dataset=erdos_renyi perturbation=edge_insertion alpha=1.0 seed=1 workflow=structural_statistics_mmd status=success
2026-06-30 23:37:47,750 INFO row_complete 230/432 dataset=erdos_renyi perturbation=edge_insertion alpha=1.0 seed=1 workflow=wl_subtree_kernel_mmd status=success
2026-06-30 23:37:47,754 INFO row_complete 231/432 dataset=erdos_renyi perturbation=edge_insertion alpha=1.0 seed=1 workflow=native_netlsd status=success
2026-06-30 23:37:47,761 INFO row_complete 232/432 dataset=erdos_renyi perturbation=edge_insertion alpha=1.0 seed=1 workflow=diversity_curves_shortest_path status=success
2026-06-30 23:37:47,763 INFO row_complete 233/432 dataset=erdos_renyi perturbation=edge_deletion alpha=0.5 seed=1 workflow=structural_statistics_mmd status=success
2026-06-30 23:37:47,770 INFO row_complete 234/432 dataset=erdos_renyi perturbation=edge_deletion alpha=0.5 seed=1 workflow=wl_subtree_kernel_mmd status=success
2026-06-30 23:37:47,780 INFO row_complete 235/432 dataset=erdos_renyi perturbation=edge_deletion alpha=0.5 seed=1 workflow=native_netlsd status=success
2026-06-30 23:37:47,783 INFO row_complete 236/432 dataset=erdos_renyi perturbation=edge_deletion alpha=0.5 seed=1 workflow=diversity_curves_shortest_path status=success
2026-06-30 23:37:47,789 INFO row_complete 237/432 dataset=erdos_renyi perturbation=triangle_insertion alpha=0.0 seed=1 workflow=structural_statistics_mmd status=success
2026-06-30 23:37:47,791 INFO row_complete 238/432 dataset=erdos_renyi perturbation=triangle_insertion alpha=0.0 seed=1 workflow=wl_subtree_kernel_mmd status=success
2026-06-30 23:37:47,794 INFO row_complete 239/432 dataset=erdos_renyi perturbation=triangle_insertion alpha=0.0 seed=1 workflow=native_netlsd status=success
2026-06-30 23:37:47,796 INFO row_complete 240/432 dataset=erdos_renyi perturbation=triangle_insertion alpha=0.0 seed=1 workflow=diversity_curves_shortest_path status=success
2026-06-30 23:37:47,804 INFO row_complete 241/432 dataset=erdos_renyi perturbation=edge_deletion alpha=1.0 seed=1 workflow=structural_statistics_mmd status=success
2026-06-30 23:37:47,806 INFO row_complete 242/432 dataset=erdos_renyi perturbation=edge_deletion alpha=1.0 seed=1 workflow=wl_subtree_kernel_mmd status=success
2026-06-30 23:37:47,809 INFO row_complete 243/432 dataset=erdos_renyi perturbation=edge_deletion alpha=1.0 seed=1 workflow=native_netlsd status=success
2026-06-30 23:37:47,812 INFO row_complete 244/432 dataset=erdos_renyi perturbation=edge_deletion alpha=1.0 seed=1 workflow=diversity_curves_shortest_path status=success
2026-06-30 23:37:47,820 INFO row_complete 245/432 dataset=erdos_renyi perturbation=triangle_deletion alpha=0.5 seed=1 workflow=structural_statistics_mmd status=success
2026-06-30 23:37:47,823 INFO row_complete 246/432 dataset=erdos_renyi perturbation=triangle_deletion alpha=0.5 seed=1 workflow=wl_subtree_kernel_mmd status=success
2026-06-30 23:37:47,827 INFO row_complete 247/432 dataset=erdos_renyi perturbation=triangle_deletion alpha=0.5 seed=1 workflow=native_netlsd status=success
2026-06-30 23:37:47,829 INFO row_complete 248/432 dataset=erdos_renyi perturbation=triangle_deletion alpha=0.5 seed=1 workflow=diversity_curves_shortest_path status=success
2026-06-30 23:37:47,841 INFO row_complete 249/432 dataset=erdos_renyi perturbation=community_weakening alpha=1.0 seed=1 workflow=structural_statistics_mmd status=success
2026-06-30 23:37:47,844 INFO row_complete 250/432 dataset=erdos_renyi perturbation=community_weakening alpha=1.0 seed=1 workflow=wl_subtree_kernel_mmd status=success
2026-06-30 23:37:47,847 INFO row_complete 251/432 dataset=erdos_renyi perturbation=community_weakening alpha=1.0 seed=1 workflow=native_netlsd status=success
2026-06-30 23:37:47,849 INFO row_complete 252/432 dataset=erdos_renyi perturbation=community_weakening alpha=1.0 seed=1 workflow=diversity_curves_shortest_path status=success
2026-06-30 23:37:47,852 INFO row_complete 253/432 dataset=erdos_renyi perturbation=community_weakening alpha=0.0 seed=1 workflow=structural_statistics_mmd status=success
2026-06-30 23:37:47,855 INFO row_complete 254/432 dataset=erdos_renyi perturbation=community_weakening alpha=0.0 seed=1 workflow=wl_subtree_kernel_mmd status=success
2026-06-30 23:37:47,858 INFO row_complete 255/432 dataset=erdos_renyi perturbation=community_weakening alpha=0.0 seed=1 workflow=native_netlsd status=success
2026-06-30 23:37:47,861 INFO row_complete 256/432 dataset=erdos_renyi perturbation=community_weakening alpha=0.0 seed=1 workflow=diversity_curves_shortest_path status=success
2026-06-30 23:37:47,864 INFO row_complete 257/432 dataset=erdos_renyi perturbation=triangle_insertion alpha=1.0 seed=1 workflow=structural_statistics_mmd status=success
2026-06-30 23:37:47,867 INFO row_complete 258/432 dataset=erdos_renyi perturbation=triangle_insertion alpha=1.0 seed=1 workflow=wl_subtree_kernel_mmd status=success
2026-06-30 23:37:47,870 INFO row_complete 259/432 dataset=erdos_renyi perturbation=triangle_insertion alpha=1.0 seed=1 workflow=native_netlsd status=success
2026-06-30 23:37:47,872 INFO row_complete 260/432 dataset=erdos_renyi perturbation=triangle_insertion alpha=1.0 seed=1 workflow=diversity_curves_shortest_path status=success
2026-06-30 23:37:47,875 INFO row_complete 261/432 dataset=erdos_renyi perturbation=triangle_deletion alpha=0.0 seed=1 workflow=structural_statistics_mmd status=success
2026-06-30 23:37:47,877 INFO row_complete 262/432 dataset=erdos_renyi perturbation=triangle_deletion alpha=0.0 seed=1 workflow=wl_subtree_kernel_mmd status=success
2026-06-30 23:37:47,880 INFO row_complete 263/432 dataset=erdos_renyi perturbation=triangle_deletion alpha=0.0 seed=1 workflow=native_netlsd status=success
2026-06-30 23:37:47,883 INFO row_complete 264/432 dataset=erdos_renyi perturbation=triangle_deletion alpha=0.0 seed=1 workflow=diversity_curves_shortest_path status=success
2026-06-30 23:37:47,890 INFO row_complete 265/432 dataset=erdos_renyi perturbation=triangle_deletion alpha=1.0 seed=1 workflow=structural_statistics_mmd status=success
2026-06-30 23:37:47,894 INFO row_complete 266/432 dataset=erdos_renyi perturbation=triangle_deletion alpha=1.0 seed=1 workflow=wl_subtree_kernel_mmd status=success
2026-06-30 23:37:47,896 INFO row_complete 267/432 dataset=erdos_renyi perturbation=triangle_deletion alpha=1.0 seed=1 workflow=native_netlsd status=success
2026-06-30 23:37:47,899 INFO row_complete 268/432 dataset=erdos_renyi perturbation=triangle_deletion alpha=1.0 seed=1 workflow=diversity_curves_shortest_path status=success
2026-06-30 23:37:47,902 INFO row_complete 269/432 dataset=erdos_renyi perturbation=community_weakening alpha=0.5 seed=1 workflow=structural_statistics_mmd status=success
2026-06-30 23:37:47,904 INFO row_complete 270/432 dataset=erdos_renyi perturbation=community_weakening alpha=0.5 seed=1 workflow=wl_subtree_kernel_mmd status=success
2026-06-30 23:37:47,907 INFO row_complete 271/432 dataset=erdos_renyi perturbation=community_weakening alpha=0.5 seed=1 workflow=native_netlsd status=success
2026-06-30 23:37:47,909 INFO row_complete 272/432 dataset=erdos_renyi perturbation=community_weakening alpha=0.5 seed=1 workflow=diversity_curves_shortest_path status=success
2026-06-30 23:37:47,913 INFO row_complete 273/432 dataset=erdos_renyi perturbation=hub_modification alpha=0.0 seed=1 workflow=structural_statistics_mmd status=success
2026-06-30 23:37:47,916 INFO row_complete 274/432 dataset=erdos_renyi perturbation=hub_modification alpha=0.0 seed=1 workflow=wl_subtree_kernel_mmd status=success
2026-06-30 23:37:47,919 INFO row_complete 275/432 dataset=erdos_renyi perturbation=hub_modification alpha=0.0 seed=1 workflow=native_netlsd status=success
2026-06-30 23:37:47,921 INFO row_complete 276/432 dataset=erdos_renyi perturbation=hub_modification alpha=0.0 seed=1 workflow=diversity_curves_shortest_path status=success
2026-06-30 23:37:47,924 INFO row_complete 277/432 dataset=erdos_renyi perturbation=triangle_insertion alpha=0.5 seed=1 workflow=structural_statistics_mmd status=success
2026-06-30 23:37:47,926 INFO row_complete 278/432 dataset=erdos_renyi perturbation=triangle_insertion alpha=0.5 seed=1 workflow=wl_subtree_kernel_mmd status=success
2026-06-30 23:37:47,936 INFO row_complete 279/432 dataset=erdos_renyi perturbation=triangle_insertion alpha=0.5 seed=1 workflow=native_netlsd status=success
2026-06-30 23:37:47,939 INFO row_complete 280/432 dataset=erdos_renyi perturbation=triangle_insertion alpha=0.5 seed=1 workflow=diversity_curves_shortest_path status=success
2026-06-30 23:37:47,942 INFO row_complete 281/432 dataset=stochastic_block_model perturbation=edge_deletion alpha=0.0 seed=1 workflow=structural_statistics_mmd status=success
2026-06-30 23:37:47,944 INFO row_complete 282/432 dataset=stochastic_block_model perturbation=edge_deletion alpha=0.0 seed=1 workflow=wl_subtree_kernel_mmd status=success
2026-06-30 23:37:47,947 INFO row_complete 283/432 dataset=stochastic_block_model perturbation=edge_deletion alpha=0.0 seed=1 workflow=native_netlsd status=success
2026-06-30 23:37:47,949 INFO row_complete 284/432 dataset=stochastic_block_model perturbation=edge_deletion alpha=0.0 seed=1 workflow=diversity_curves_shortest_path status=success
2026-06-30 23:37:47,952 INFO row_complete 285/432 dataset=stochastic_block_model perturbation=triangle_deletion alpha=0.0 seed=1 workflow=structural_statistics_mmd status=success
2026-06-30 23:37:47,954 INFO row_complete 286/432 dataset=stochastic_block_model perturbation=triangle_deletion alpha=0.0 seed=1 workflow=wl_subtree_kernel_mmd status=success
2026-06-30 23:37:47,956 INFO row_complete 287/432 dataset=stochastic_block_model perturbation=triangle_deletion alpha=0.0 seed=1 workflow=native_netlsd status=success
2026-06-30 23:37:47,959 INFO row_complete 288/432 dataset=stochastic_block_model perturbation=triangle_deletion alpha=0.0 seed=1 workflow=diversity_curves_shortest_path status=success
2026-06-30 23:37:47,961 INFO row_complete 289/432 dataset=stochastic_block_model perturbation=edge_insertion alpha=0.5 seed=1 workflow=structural_statistics_mmd status=success
2026-06-30 23:37:47,963 INFO row_complete 290/432 dataset=stochastic_block_model perturbation=edge_insertion alpha=0.5 seed=1 workflow=wl_subtree_kernel_mmd status=success
2026-06-30 23:37:47,966 INFO row_complete 291/432 dataset=stochastic_block_model perturbation=edge_insertion alpha=0.5 seed=1 workflow=native_netlsd status=success
2026-06-30 23:37:47,968 INFO row_complete 292/432 dataset=stochastic_block_model perturbation=edge_insertion alpha=0.5 seed=1 workflow=diversity_curves_shortest_path status=success
2026-06-30 23:37:47,970 INFO row_complete 293/432 dataset=stochastic_block_model perturbation=edge_deletion alpha=0.5 seed=1 workflow=structural_statistics_mmd status=success
2026-06-30 23:37:47,973 INFO row_complete 294/432 dataset=stochastic_block_model perturbation=edge_deletion alpha=0.5 seed=1 workflow=wl_subtree_kernel_mmd status=success
2026-06-30 23:37:47,976 INFO row_complete 295/432 dataset=stochastic_block_model perturbation=edge_deletion alpha=0.5 seed=1 workflow=native_netlsd status=success
2026-06-30 23:37:47,978 INFO row_complete 296/432 dataset=stochastic_block_model perturbation=edge_deletion alpha=0.5 seed=1 workflow=diversity_curves_shortest_path status=success
2026-06-30 23:37:47,981 INFO row_complete 297/432 dataset=stochastic_block_model perturbation=edge_insertion alpha=0.0 seed=1 workflow=structural_statistics_mmd status=success
2026-06-30 23:37:47,987 INFO row_complete 298/432 dataset=stochastic_block_model perturbation=edge_insertion alpha=0.0 seed=1 workflow=wl_subtree_kernel_mmd status=success
2026-06-30 23:37:47,990 INFO row_complete 299/432 dataset=stochastic_block_model perturbation=edge_insertion alpha=0.0 seed=1 workflow=native_netlsd status=success
2026-06-30 23:37:47,992 INFO row_complete 300/432 dataset=stochastic_block_model perturbation=edge_insertion alpha=0.0 seed=1 workflow=diversity_curves_shortest_path status=success
2026-06-30 23:37:47,995 INFO row_complete 301/432 dataset=stochastic_block_model perturbation=triangle_insertion alpha=0.5 seed=1 workflow=structural_statistics_mmd status=success
2026-06-30 23:37:47,998 INFO row_complete 302/432 dataset=stochastic_block_model perturbation=triangle_insertion alpha=0.5 seed=1 workflow=wl_subtree_kernel_mmd status=success
2026-06-30 23:37:48,000 INFO row_complete 303/432 dataset=stochastic_block_model perturbation=triangle_insertion alpha=0.5 seed=1 workflow=native_netlsd status=success
2026-06-30 23:37:48,003 INFO row_complete 304/432 dataset=stochastic_block_model perturbation=triangle_insertion alpha=0.5 seed=1 workflow=diversity_curves_shortest_path status=success
2026-06-30 23:37:48,007 INFO row_complete 305/432 dataset=stochastic_block_model perturbation=triangle_insertion alpha=1.0 seed=1 workflow=structural_statistics_mmd status=success
2026-06-30 23:37:48,010 INFO row_complete 306/432 dataset=stochastic_block_model perturbation=triangle_insertion alpha=1.0 seed=1 workflow=wl_subtree_kernel_mmd status=success
2026-06-30 23:37:48,013 INFO row_complete 307/432 dataset=stochastic_block_model perturbation=triangle_insertion alpha=1.0 seed=1 workflow=native_netlsd status=success
2026-06-30 23:37:48,016 INFO row_complete 308/432 dataset=stochastic_block_model perturbation=triangle_insertion alpha=1.0 seed=1 workflow=diversity_curves_shortest_path status=success
2026-06-30 23:37:48,024 INFO row_complete 309/432 dataset=stochastic_block_model perturbation=edge_insertion alpha=1.0 seed=1 workflow=structural_statistics_mmd status=success
2026-06-30 23:37:48,026 INFO row_complete 310/432 dataset=stochastic_block_model perturbation=edge_insertion alpha=1.0 seed=1 workflow=wl_subtree_kernel_mmd status=success
2026-06-30 23:37:48,028 INFO row_complete 311/432 dataset=stochastic_block_model perturbation=edge_insertion alpha=1.0 seed=1 workflow=native_netlsd status=success
2026-06-30 23:37:48,030 INFO row_complete 312/432 dataset=stochastic_block_model perturbation=edge_insertion alpha=1.0 seed=1 workflow=diversity_curves_shortest_path status=success
2026-06-30 23:37:48,033 INFO row_complete 313/432 dataset=erdos_renyi perturbation=hub_modification alpha=1.0 seed=1 workflow=structural_statistics_mmd status=success
2026-06-30 23:37:48,035 INFO row_complete 314/432 dataset=erdos_renyi perturbation=hub_modification alpha=1.0 seed=1 workflow=wl_subtree_kernel_mmd status=success
2026-06-30 23:37:48,037 INFO row_complete 315/432 dataset=erdos_renyi perturbation=hub_modification alpha=1.0 seed=1 workflow=native_netlsd status=success
2026-06-30 23:37:48,040 INFO row_complete 316/432 dataset=erdos_renyi perturbation=hub_modification alpha=1.0 seed=1 workflow=diversity_curves_shortest_path status=success
2026-06-30 23:37:48,042 INFO row_complete 317/432 dataset=erdos_renyi perturbation=hub_modification alpha=0.5 seed=1 workflow=structural_statistics_mmd status=success
2026-06-30 23:37:48,045 INFO row_complete 318/432 dataset=erdos_renyi perturbation=hub_modification alpha=0.5 seed=1 workflow=wl_subtree_kernel_mmd status=success
2026-06-30 23:37:48,048 INFO row_complete 319/432 dataset=erdos_renyi perturbation=hub_modification alpha=0.5 seed=1 workflow=native_netlsd status=success
2026-06-30 23:37:48,050 INFO row_complete 320/432 dataset=erdos_renyi perturbation=hub_modification alpha=0.5 seed=1 workflow=diversity_curves_shortest_path status=success
2026-06-30 23:37:48,052 INFO row_complete 321/432 dataset=stochastic_block_model perturbation=triangle_insertion alpha=0.0 seed=1 workflow=structural_statistics_mmd status=success
2026-06-30 23:37:48,054 INFO row_complete 322/432 dataset=stochastic_block_model perturbation=triangle_insertion alpha=0.0 seed=1 workflow=wl_subtree_kernel_mmd status=success
2026-06-30 23:37:48,058 INFO row_complete 323/432 dataset=stochastic_block_model perturbation=triangle_insertion alpha=0.0 seed=1 workflow=native_netlsd status=success
2026-06-30 23:37:48,060 INFO row_complete 324/432 dataset=stochastic_block_model perturbation=triangle_insertion alpha=0.0 seed=1 workflow=diversity_curves_shortest_path status=success
2026-06-30 23:37:48,064 INFO row_complete 325/432 dataset=stochastic_block_model perturbation=edge_deletion alpha=1.0 seed=1 workflow=structural_statistics_mmd status=success
2026-06-30 23:37:48,066 INFO row_complete 326/432 dataset=stochastic_block_model perturbation=edge_deletion alpha=1.0 seed=1 workflow=wl_subtree_kernel_mmd status=success
2026-06-30 23:37:48,069 INFO row_complete 327/432 dataset=stochastic_block_model perturbation=edge_deletion alpha=1.0 seed=1 workflow=native_netlsd status=success
2026-06-30 23:37:48,071 INFO row_complete 328/432 dataset=stochastic_block_model perturbation=edge_deletion alpha=1.0 seed=1 workflow=diversity_curves_shortest_path status=success
2026-06-30 23:37:48,076 INFO row_complete 329/432 dataset=stochastic_block_model perturbation=community_weakening alpha=0.5 seed=1 workflow=structural_statistics_mmd status=success
2026-06-30 23:37:48,078 INFO row_complete 330/432 dataset=stochastic_block_model perturbation=community_weakening alpha=0.5 seed=1 workflow=wl_subtree_kernel_mmd status=success
2026-06-30 23:37:48,080 INFO row_complete 331/432 dataset=stochastic_block_model perturbation=community_weakening alpha=0.5 seed=1 workflow=native_netlsd status=success
2026-06-30 23:37:48,084 INFO row_complete 332/432 dataset=stochastic_block_model perturbation=community_weakening alpha=0.5 seed=1 workflow=diversity_curves_shortest_path status=success
2026-06-30 23:37:48,087 INFO row_complete 333/432 dataset=stochastic_block_model perturbation=community_weakening alpha=0.0 seed=1 workflow=structural_statistics_mmd status=success
2026-06-30 23:37:48,090 INFO row_complete 334/432 dataset=stochastic_block_model perturbation=community_weakening alpha=0.0 seed=1 workflow=wl_subtree_kernel_mmd status=success
2026-06-30 23:37:48,095 INFO row_complete 335/432 dataset=stochastic_block_model perturbation=community_weakening alpha=0.0 seed=1 workflow=native_netlsd status=success
2026-06-30 23:37:48,098 INFO row_complete 336/432 dataset=stochastic_block_model perturbation=community_weakening alpha=0.0 seed=1 workflow=diversity_curves_shortest_path status=success
2026-06-30 23:37:48,102 INFO row_complete 337/432 dataset=stochastic_block_model perturbation=triangle_deletion alpha=1.0 seed=1 workflow=structural_statistics_mmd status=success
2026-06-30 23:37:48,105 INFO row_complete 338/432 dataset=stochastic_block_model perturbation=triangle_deletion alpha=1.0 seed=1 workflow=wl_subtree_kernel_mmd status=success
2026-06-30 23:37:48,107 INFO row_complete 339/432 dataset=stochastic_block_model perturbation=triangle_deletion alpha=1.0 seed=1 workflow=native_netlsd status=success
2026-06-30 23:37:48,110 INFO row_complete 340/432 dataset=stochastic_block_model perturbation=triangle_deletion alpha=1.0 seed=1 workflow=diversity_curves_shortest_path status=success
2026-06-30 23:37:48,112 INFO row_complete 341/432 dataset=stochastic_block_model perturbation=triangle_deletion alpha=0.5 seed=1 workflow=structural_statistics_mmd status=success
2026-06-30 23:37:48,115 INFO row_complete 342/432 dataset=stochastic_block_model perturbation=triangle_deletion alpha=0.5 seed=1 workflow=wl_subtree_kernel_mmd status=success
2026-06-30 23:37:48,118 INFO row_complete 343/432 dataset=stochastic_block_model perturbation=triangle_deletion alpha=0.5 seed=1 workflow=native_netlsd status=success
2026-06-30 23:37:48,121 INFO row_complete 344/432 dataset=stochastic_block_model perturbation=triangle_deletion alpha=0.5 seed=1 workflow=diversity_curves_shortest_path status=success
2026-06-30 23:37:48,127 INFO row_complete 345/432 dataset=stochastic_block_model perturbation=hub_modification alpha=0.0 seed=1 workflow=structural_statistics_mmd status=success
2026-06-30 23:37:48,130 INFO row_complete 346/432 dataset=stochastic_block_model perturbation=hub_modification alpha=0.0 seed=1 workflow=wl_subtree_kernel_mmd status=success
2026-06-30 23:37:48,132 INFO row_complete 347/432 dataset=stochastic_block_model perturbation=hub_modification alpha=0.0 seed=1 workflow=native_netlsd status=success
2026-06-30 23:37:48,135 INFO row_complete 348/432 dataset=stochastic_block_model perturbation=hub_modification alpha=0.0 seed=1 workflow=diversity_curves_shortest_path status=success
2026-06-30 23:37:48,142 INFO row_complete 349/432 dataset=stochastic_block_model perturbation=hub_modification alpha=0.5 seed=1 workflow=structural_statistics_mmd status=success
2026-06-30 23:37:48,151 INFO row_complete 350/432 dataset=stochastic_block_model perturbation=hub_modification alpha=0.5 seed=1 workflow=wl_subtree_kernel_mmd status=success
2026-06-30 23:37:48,153 INFO row_complete 351/432 dataset=stochastic_block_model perturbation=hub_modification alpha=0.5 seed=1 workflow=native_netlsd status=success
2026-06-30 23:37:48,158 INFO row_complete 352/432 dataset=stochastic_block_model perturbation=hub_modification alpha=0.5 seed=1 workflow=diversity_curves_shortest_path status=success
2026-06-30 23:37:48,161 INFO row_complete 353/432 dataset=stochastic_block_model perturbation=hub_modification alpha=1.0 seed=1 workflow=structural_statistics_mmd status=success
2026-06-30 23:37:48,163 INFO row_complete 354/432 dataset=stochastic_block_model perturbation=hub_modification alpha=1.0 seed=1 workflow=wl_subtree_kernel_mmd status=success
2026-06-30 23:37:48,166 INFO row_complete 355/432 dataset=stochastic_block_model perturbation=hub_modification alpha=1.0 seed=1 workflow=native_netlsd status=success
2026-06-30 23:37:48,168 INFO row_complete 356/432 dataset=stochastic_block_model perturbation=hub_modification alpha=1.0 seed=1 workflow=diversity_curves_shortest_path status=success
2026-06-30 23:37:48,171 INFO row_complete 357/432 dataset=stochastic_block_model perturbation=community_weakening alpha=1.0 seed=1 workflow=structural_statistics_mmd status=success
2026-06-30 23:37:48,174 INFO row_complete 358/432 dataset=stochastic_block_model perturbation=community_weakening alpha=1.0 seed=1 workflow=wl_subtree_kernel_mmd status=success
2026-06-30 23:37:48,176 INFO row_complete 359/432 dataset=stochastic_block_model perturbation=community_weakening alpha=1.0 seed=1 workflow=native_netlsd status=success
2026-06-30 23:37:48,179 INFO row_complete 360/432 dataset=stochastic_block_model perturbation=community_weakening alpha=1.0 seed=1 workflow=diversity_curves_shortest_path status=success
2026-06-30 23:37:48,182 INFO row_complete 361/432 dataset=barabasi_albert perturbation=edge_insertion alpha=0.0 seed=1 workflow=structural_statistics_mmd status=success
2026-06-30 23:37:48,184 INFO row_complete 362/432 dataset=barabasi_albert perturbation=edge_insertion alpha=0.0 seed=1 workflow=wl_subtree_kernel_mmd status=success
2026-06-30 23:37:48,189 INFO row_complete 363/432 dataset=barabasi_albert perturbation=edge_insertion alpha=0.0 seed=1 workflow=native_netlsd status=success
2026-06-30 23:37:48,191 INFO row_complete 364/432 dataset=barabasi_albert perturbation=edge_insertion alpha=0.0 seed=1 workflow=diversity_curves_shortest_path status=success
2026-06-30 23:37:48,194 INFO row_complete 365/432 dataset=barabasi_albert perturbation=edge_deletion alpha=0.5 seed=1 workflow=structural_statistics_mmd status=success
2026-06-30 23:37:48,197 INFO row_complete 366/432 dataset=barabasi_albert perturbation=edge_deletion alpha=0.5 seed=1 workflow=wl_subtree_kernel_mmd status=success
2026-06-30 23:37:48,201 INFO row_complete 367/432 dataset=barabasi_albert perturbation=edge_deletion alpha=0.5 seed=1 workflow=native_netlsd status=success
2026-06-30 23:37:48,203 INFO row_complete 368/432 dataset=barabasi_albert perturbation=edge_deletion alpha=0.5 seed=1 workflow=diversity_curves_shortest_path status=success
2026-06-30 23:37:48,206 INFO row_complete 369/432 dataset=barabasi_albert perturbation=edge_insertion alpha=0.5 seed=1 workflow=structural_statistics_mmd status=success
2026-06-30 23:37:48,209 INFO row_complete 370/432 dataset=barabasi_albert perturbation=edge_insertion alpha=0.5 seed=1 workflow=wl_subtree_kernel_mmd status=success
2026-06-30 23:37:48,213 INFO row_complete 371/432 dataset=barabasi_albert perturbation=edge_insertion alpha=0.5 seed=1 workflow=native_netlsd status=success
2026-06-30 23:37:48,216 INFO row_complete 372/432 dataset=barabasi_albert perturbation=edge_insertion alpha=0.5 seed=1 workflow=diversity_curves_shortest_path status=success
2026-06-30 23:37:48,219 INFO row_complete 373/432 dataset=barabasi_albert perturbation=edge_deletion alpha=1.0 seed=1 workflow=structural_statistics_mmd status=success
2026-06-30 23:37:48,222 INFO row_complete 374/432 dataset=barabasi_albert perturbation=edge_deletion alpha=1.0 seed=1 workflow=wl_subtree_kernel_mmd status=success
2026-06-30 23:37:48,224 INFO row_complete 375/432 dataset=barabasi_albert perturbation=edge_deletion alpha=1.0 seed=1 workflow=native_netlsd status=success
2026-06-30 23:37:48,227 INFO row_complete 376/432 dataset=barabasi_albert perturbation=edge_deletion alpha=1.0 seed=1 workflow=diversity_curves_shortest_path status=success
2026-06-30 23:37:48,230 INFO row_complete 377/432 dataset=barabasi_albert perturbation=triangle_insertion alpha=0.0 seed=1 workflow=structural_statistics_mmd status=success
2026-06-30 23:37:48,233 INFO row_complete 378/432 dataset=barabasi_albert perturbation=triangle_insertion alpha=0.0 seed=1 workflow=wl_subtree_kernel_mmd status=success
2026-06-30 23:37:48,236 INFO row_complete 379/432 dataset=barabasi_albert perturbation=triangle_insertion alpha=0.0 seed=1 workflow=native_netlsd status=success
2026-06-30 23:37:48,239 INFO row_complete 380/432 dataset=barabasi_albert perturbation=triangle_insertion alpha=0.0 seed=1 workflow=diversity_curves_shortest_path status=success
2026-06-30 23:37:48,242 INFO row_complete 381/432 dataset=barabasi_albert perturbation=edge_deletion alpha=0.0 seed=1 workflow=structural_statistics_mmd status=success
2026-06-30 23:37:48,244 INFO row_complete 382/432 dataset=barabasi_albert perturbation=edge_deletion alpha=0.0 seed=1 workflow=wl_subtree_kernel_mmd status=success
2026-06-30 23:37:48,247 INFO row_complete 383/432 dataset=barabasi_albert perturbation=edge_deletion alpha=0.0 seed=1 workflow=native_netlsd status=success
2026-06-30 23:37:48,249 INFO row_complete 384/432 dataset=barabasi_albert perturbation=edge_deletion alpha=0.0 seed=1 workflow=diversity_curves_shortest_path status=success
2026-06-30 23:37:48,253 INFO row_complete 385/432 dataset=barabasi_albert perturbation=edge_insertion alpha=1.0 seed=1 workflow=structural_statistics_mmd status=success
2026-06-30 23:37:48,256 INFO row_complete 386/432 dataset=barabasi_albert perturbation=edge_insertion alpha=1.0 seed=1 workflow=wl_subtree_kernel_mmd status=success
2026-06-30 23:37:48,260 INFO row_complete 387/432 dataset=barabasi_albert perturbation=edge_insertion alpha=1.0 seed=1 workflow=native_netlsd status=success
2026-06-30 23:37:48,263 INFO row_complete 388/432 dataset=barabasi_albert perturbation=edge_insertion alpha=1.0 seed=1 workflow=diversity_curves_shortest_path status=success
2026-06-30 23:37:48,266 INFO row_complete 389/432 dataset=barabasi_albert perturbation=triangle_insertion alpha=0.5 seed=1 workflow=structural_statistics_mmd status=success
2026-06-30 23:37:48,268 INFO row_complete 390/432 dataset=barabasi_albert perturbation=triangle_insertion alpha=0.5 seed=1 workflow=wl_subtree_kernel_mmd status=success
2026-06-30 23:37:48,270 INFO row_complete 391/432 dataset=barabasi_albert perturbation=triangle_insertion alpha=0.5 seed=1 workflow=native_netlsd status=success
2026-06-30 23:37:48,277 INFO row_complete 392/432 dataset=barabasi_albert perturbation=triangle_insertion alpha=0.5 seed=1 workflow=diversity_curves_shortest_path status=success
2026-06-30 23:37:48,280 INFO row_complete 393/432 dataset=barabasi_albert perturbation=triangle_deletion alpha=1.0 seed=1 workflow=structural_statistics_mmd status=success
2026-06-30 23:37:48,282 INFO row_complete 394/432 dataset=barabasi_albert perturbation=triangle_deletion alpha=1.0 seed=1 workflow=wl_subtree_kernel_mmd status=success
2026-06-30 23:37:48,285 INFO row_complete 395/432 dataset=barabasi_albert perturbation=triangle_deletion alpha=1.0 seed=1 workflow=native_netlsd status=success
2026-06-30 23:37:48,288 INFO row_complete 396/432 dataset=barabasi_albert perturbation=triangle_deletion alpha=1.0 seed=1 workflow=diversity_curves_shortest_path status=success
2026-06-30 23:37:48,293 INFO row_complete 397/432 dataset=barabasi_albert perturbation=triangle_deletion alpha=0.5 seed=1 workflow=structural_statistics_mmd status=success
2026-06-30 23:37:48,298 INFO row_complete 398/432 dataset=barabasi_albert perturbation=triangle_deletion alpha=0.5 seed=1 workflow=wl_subtree_kernel_mmd status=success
2026-06-30 23:37:48,300 INFO row_complete 399/432 dataset=barabasi_albert perturbation=triangle_deletion alpha=0.5 seed=1 workflow=native_netlsd status=success
2026-06-30 23:37:48,302 INFO row_complete 400/432 dataset=barabasi_albert perturbation=triangle_deletion alpha=0.5 seed=1 workflow=diversity_curves_shortest_path status=success
2026-06-30 23:37:48,316 INFO row_complete 401/432 dataset=barabasi_albert perturbation=triangle_deletion alpha=0.0 seed=1 workflow=structural_statistics_mmd status=success
2026-06-30 23:37:48,319 INFO row_complete 402/432 dataset=barabasi_albert perturbation=triangle_deletion alpha=0.0 seed=1 workflow=wl_subtree_kernel_mmd status=success
2026-06-30 23:37:48,322 INFO row_complete 403/432 dataset=barabasi_albert perturbation=triangle_deletion alpha=0.0 seed=1 workflow=native_netlsd status=success
2026-06-30 23:37:48,324 INFO row_complete 404/432 dataset=barabasi_albert perturbation=triangle_deletion alpha=0.0 seed=1 workflow=diversity_curves_shortest_path status=success
2026-06-30 23:37:48,336 INFO row_complete 405/432 dataset=barabasi_albert perturbation=community_weakening alpha=0.0 seed=1 workflow=structural_statistics_mmd status=success
2026-06-30 23:37:48,339 INFO row_complete 406/432 dataset=barabasi_albert perturbation=community_weakening alpha=0.0 seed=1 workflow=wl_subtree_kernel_mmd status=success
2026-06-30 23:37:48,342 INFO row_complete 407/432 dataset=barabasi_albert perturbation=community_weakening alpha=0.0 seed=1 workflow=native_netlsd status=success
2026-06-30 23:37:48,345 INFO row_complete 408/432 dataset=barabasi_albert perturbation=community_weakening alpha=0.0 seed=1 workflow=diversity_curves_shortest_path status=success
2026-06-30 23:37:48,348 INFO row_complete 409/432 dataset=barabasi_albert perturbation=triangle_insertion alpha=1.0 seed=1 workflow=structural_statistics_mmd status=success
2026-06-30 23:37:48,350 INFO row_complete 410/432 dataset=barabasi_albert perturbation=triangle_insertion alpha=1.0 seed=1 workflow=wl_subtree_kernel_mmd status=success
2026-06-30 23:37:48,353 INFO row_complete 411/432 dataset=barabasi_albert perturbation=triangle_insertion alpha=1.0 seed=1 workflow=native_netlsd status=success
2026-06-30 23:37:48,355 INFO row_complete 412/432 dataset=barabasi_albert perturbation=triangle_insertion alpha=1.0 seed=1 workflow=diversity_curves_shortest_path status=success
2026-06-30 23:37:48,370 INFO row_complete 413/432 dataset=barabasi_albert perturbation=community_weakening alpha=0.5 seed=1 workflow=structural_statistics_mmd status=success
2026-06-30 23:37:48,373 INFO row_complete 414/432 dataset=barabasi_albert perturbation=community_weakening alpha=0.5 seed=1 workflow=wl_subtree_kernel_mmd status=success
2026-06-30 23:37:48,375 INFO row_complete 415/432 dataset=barabasi_albert perturbation=community_weakening alpha=0.5 seed=1 workflow=native_netlsd status=success
2026-06-30 23:37:48,378 INFO row_complete 416/432 dataset=barabasi_albert perturbation=community_weakening alpha=0.5 seed=1 workflow=diversity_curves_shortest_path status=success
2026-06-30 23:37:48,380 INFO row_complete 417/432 dataset=barabasi_albert perturbation=community_weakening alpha=1.0 seed=1 workflow=structural_statistics_mmd status=success
2026-06-30 23:37:48,382 INFO row_complete 418/432 dataset=barabasi_albert perturbation=community_weakening alpha=1.0 seed=1 workflow=wl_subtree_kernel_mmd status=success
2026-06-30 23:37:48,385 INFO row_complete 419/432 dataset=barabasi_albert perturbation=community_weakening alpha=1.0 seed=1 workflow=native_netlsd status=success
2026-06-30 23:37:48,387 INFO row_complete 420/432 dataset=barabasi_albert perturbation=community_weakening alpha=1.0 seed=1 workflow=diversity_curves_shortest_path status=success
2026-06-30 23:37:48,393 INFO row_complete 421/432 dataset=barabasi_albert perturbation=hub_modification alpha=1.0 seed=1 workflow=structural_statistics_mmd status=success
2026-06-30 23:37:48,396 INFO row_complete 422/432 dataset=barabasi_albert perturbation=hub_modification alpha=1.0 seed=1 workflow=wl_subtree_kernel_mmd status=success
2026-06-30 23:37:48,398 INFO row_complete 423/432 dataset=barabasi_albert perturbation=hub_modification alpha=1.0 seed=1 workflow=native_netlsd status=success
2026-06-30 23:37:48,400 INFO row_complete 424/432 dataset=barabasi_albert perturbation=hub_modification alpha=1.0 seed=1 workflow=diversity_curves_shortest_path status=success
2026-06-30 23:37:48,404 INFO row_complete 425/432 dataset=barabasi_albert perturbation=hub_modification alpha=0.0 seed=1 workflow=structural_statistics_mmd status=success
2026-06-30 23:37:48,407 INFO row_complete 426/432 dataset=barabasi_albert perturbation=hub_modification alpha=0.0 seed=1 workflow=wl_subtree_kernel_mmd status=success
2026-06-30 23:37:48,409 INFO row_complete 427/432 dataset=barabasi_albert perturbation=hub_modification alpha=0.0 seed=1 workflow=native_netlsd status=success
2026-06-30 23:37:48,411 INFO row_complete 428/432 dataset=barabasi_albert perturbation=hub_modification alpha=0.0 seed=1 workflow=diversity_curves_shortest_path status=success
2026-06-30 23:37:48,417 INFO row_complete 429/432 dataset=barabasi_albert perturbation=hub_modification alpha=0.5 seed=1 workflow=structural_statistics_mmd status=success
2026-06-30 23:37:48,419 INFO row_complete 430/432 dataset=barabasi_albert perturbation=hub_modification alpha=0.5 seed=1 workflow=wl_subtree_kernel_mmd status=success
2026-06-30 23:37:48,422 INFO row_complete 431/432 dataset=barabasi_albert perturbation=hub_modification alpha=0.5 seed=1 workflow=native_netlsd status=success
2026-06-30 23:37:48,424 INFO row_complete 432/432 dataset=barabasi_albert perturbation=hub_modification alpha=0.5 seed=1 workflow=diversity_curves_shortest_path status=success
2026-06-30 23:37:48,435 INFO run_finish result_path=results/runs/2026-07-01T0437_b502d88d/results/results.csv rows_written=432 completed=432 total=432
